[+] Containers:
 |- [+] Container: /Game/ThirdPerson/Maps/ThirdPersonMap
 |   |- [+] ActorDescs:
 |   |   |- Guid:026BE2CF4F1CD47410D495B82346A68F BaseClass: NativeClass:/Script/Engine.PointLight Name:PointLight_UAID_7486E205B57FAC5602_1538150587 Label:PointLight5 SpatiallyLoaded:1 Bounds:IsValid=true, Min=(X=334.243 Y=265.538 Z=-685.972), Max=(X=2334.243 Y=2265.538 Z=1314.028) RuntimeGrid:None EditorOnly:0 RuntimeOnly:0 HLODRelevant:0 ListedInSceneOutliner:1 IsMainWorldOnly:0
 |   |   |- Guid:09762EC44A0F154FEFDAD9840B608B8B BaseClass:/Game/_MyContent/BP_DoorLock.BP_DoorLock_C NativeClass:/Script/Engine.Actor Name:BP_DoorLock_C_UAID_7486E205B57F475202_1433771586 Label:KitchenLock SpatiallyLoaded:1 Bounds:IsValid=true, Min=(X=100.992 Y=2217.174 Z=-425.368), Max=(X=224.928 Y=2415.942 Z=594.267) RuntimeGrid:None EditorOnly:0 RuntimeOnly:0 HLODRelevant:0 ListedInSceneOutliner:1 IsMainWorldOnly:0
 |   |   |- Guid:1063230943D4316085114CABB3F58D7A BaseClass:/Game/_MyContent/BP_DrummerGhost.BP_DrummerGhost_C NativeClass:/Script/Engine.Actor Name:BP_DrummerGhost_C_UAID_7486E205E744805402_1893448727 Label:BP_DrummerGhost SpatiallyLoaded:1 Bounds:IsValid=true, Min=(X=1692.461 Y=5070.508 Z=-752.949), Max=(X=1903.363 Y=6707.011 Z=883.553) RuntimeGrid:None EditorOnly:0 RuntimeOnly:0 HLODRelevant:0 ListedInSceneOutliner:1 IsMainWorldOnly:0
 |   |   |- Guid:16960F0244ADC3957872F2995165E566 BaseClass: NativeClass:/Script/Engine.StaticMeshActor Name:StaticMeshActor_UAID_7486E205B21CE44D02_1523713940 Label:conductor_merged SpatiallyLoaded:1 Bounds:IsValid=true, Min=(X=710.000 Y=1160.000 Z=-20.000), Max=(X=710.000 Y=1160.000 Z=-20.000) RuntimeGrid:None EditorOnly:0 RuntimeOnly:0 HLODRelevant:0 ListedInSceneOutliner:1 IsMainWorldOnly:0
 |   |   |- Guid:1D43885043EDA29D71F815A048375765 BaseClass:/Game/_MyContent/BP_DoorLock.BP_DoorLock_C NativeClass:/Script/Engine.Actor Name:BP_DoorLock_C_UAID_7486E205B57F475202_1541885588 Label:BathroomLock SpatiallyLoaded:1 Bounds:IsValid=true, Min=(X=1067.500 Y=6195.075 Z=-202.500), Max=(X=1192.500 Y=6345.075 Z=222.500) RuntimeGrid:None EditorOnly:0 RuntimeOnly:0 HLODRelevant:0 ListedInSceneOutliner:1 IsMainWorldOnly:0
 |   |   |- Guid:2FB58999456391D349DC0F86DAC136ED BaseClass: NativeClass:/Script/Engine.SkyLight Name:SkyLight_1 Label:SkyLight SpatiallyLoaded:0 Bounds:IsValid=true, Min=(X=0.000 Y=0.000 Z=690.000), Max=(X=0.000 Y=0.000 Z=690.000) RuntimeGrid:None EditorOnly:0 RuntimeOnly:0 HLODRelevant:0 ListedInSceneOutliner:1 IsMainWorldOnly:0 FolderPath:Lighting FolderGuid:963EC3EB4002CCE9759E2EBA541A873A
 |   |   |- Guid:316CF2A6494ACA4C0E4180A87D36AB8F BaseClass: NativeClass:/Script/Engine.ExponentialHeightFog Name:ExponentialHeightFog_0 Label:ExponentialHeightFog SpatiallyLoaded:0 Bounds:IsValid=true, Min=(X=-5600.000 Y=-50.000 Z=-6850.000), Max=(X=-5600.000 Y=-50.000 Z=-6850.000) RuntimeGrid:None EditorOnly:0 RuntimeOnly:0 HLODRelevant:0 ListedInSceneOutliner:1 IsMainWorldOnly:0 FolderPath:Lighting FolderGuid:963EC3EB4002CCE9759E2EBA541A873A
 |   |   |- Guid:3A00AA1C422CE54C0BDB60BAF471BFBB BaseClass: NativeClass:/Script/Engine.PlayerStart Name:PlayerStart_0 Label:PlayerStart SpatiallyLoaded:0 Bounds:IsValid=true, Min=(X=-1393.628 Y=1138.213 Z=-169.987), Max=(X=-1313.628 Y=1218.213 Z=14.013) RuntimeGrid:None EditorOnly:0 RuntimeOnly:0 HLODRelevant:0 ListedInSceneOutliner:1 IsMainWorldOnly:0
 |   |   |- Guid:3EB5FB17430826C943F050A778A21532 BaseClass: NativeClass:/Script/Engine.StaticMeshActor Name:StaticMeshActor_UAID_7486E205B57FAD5602_1841161769 Label:curtain_side2 SpatiallyLoaded:1 Bounds:IsValid=true, Min=(X=1910.696 Y=668.446 Z=-211.072), Max=(X=2049.554 Y=1158.876 Z=348.316) RuntimeGrid:None EditorOnly:0 RuntimeOnly:0 HLODRelevant:1 ListedInSceneOutliner:1 IsMainWorldOnly:0
 |   |   |- Guid:475E31734F8E216A43507C875AAB8E92 BaseClass:/Game/_MyContent/BP_Item.BP_Item_C NativeClass:/Script/Engine.Actor Name:BP_Item_C_UAID_7486E205B57F175002_1170887027 Label:drumsticks SpatiallyLoaded:1 Bounds:IsValid=true, Min=(X=898.167 Y=768.920 Z=-400.000), Max=(X=1282.475 Y=1091.846 Z=100.000) RuntimeGrid:None EditorOnly:0 RuntimeOnly:0 HLODRelevant:0 ListedInSceneOutliner:1 IsMainWorldOnly:0
 |   |   |- Guid:4D3BE93F4146AAAC8BBE79999D96D57F BaseClass: NativeClass:/Script/Engine.VolumetricCloud Name:VolumetricCloud_0 Label:VolumetricCloud SpatiallyLoaded:0 Bounds:IsValid=true, Min=(X=0.000 Y=0.000 Z=820.000), Max=(X=0.000 Y=0.000 Z=820.000) RuntimeGrid:None EditorOnly:0 RuntimeOnly:0 HLODRelevant:0 ListedInSceneOutliner:1 IsMainWorldOnly:0 FolderPath:Lighting FolderGuid:963EC3EB4002CCE9759E2EBA541A873A
 |   |   |- Guid:581A7F5045BEAF9F21BCD1BF79FE4EC2 BaseClass:/Game/_MyContent/BP_FTele.BP_FTele_C NativeClass:/Script/Engine.Actor Name:BP_FTele_C_UAID_7486E205B57F495202_1808825943 Label:BP_FTele SpatiallyLoaded:1 Bounds:IsValid=true, Min=(X=582.000 Y=5387.075 Z=-208.000), Max=(X=678.000 Y=5483.075 Z=-112.000) RuntimeGrid:None EditorOnly:0 RuntimeOnly:0 HLODRelevant:0 ListedInSceneOutliner:1 IsMainWorldOnly:0
 |   |   |- Guid:62073D1842E9432FB510438964B0D4C7 BaseClass: NativeClass:/Script/Engine.PointLight Name:PointLight_UAID_7486E205B57FAC5602_1556230590 Label:PointLight8 SpatiallyLoaded:1 Bounds:IsValid=true, Min=(X=-245.358 Y=1273.794 Z=-791.592), Max=(X=1754.642 Y=3273.794 Z=1208.408) RuntimeGrid:None EditorOnly:0 RuntimeOnly:0 HLODRelevant:0 ListedInSceneOutliner:1 IsMainWorldOnly:0
 |   |   |- Guid:67A9D76F4539660DD34FDFBA03E64803 BaseClass: NativeClass:/Script/Engine.PointLight Name:PointLight_UAID_7486E205B57FAC5602_1553517589 Label:PointLight7 SpatiallyLoaded:1 Bounds:IsValid=true, Min=(X=-1825.595 Y=1578.765 Z=-791.592), Max=(X=174.405 Y=3578.765 Z=1208.408) RuntimeGrid:None EditorOnly:0 RuntimeOnly:0 HLODRelevant:0 ListedInSceneOutliner:1 IsMainWorldOnly:0
 |   |   |- Guid:689AAFA644199733FC1FB9A10B305D66 BaseClass:/Game/_MyContent/BP_DoorLock.BP_DoorLock_C NativeClass:/Script/Engine.Actor Name:BP_DoorLock_C_UAID_7486E205B57F475202_1590363589 Label:BedroomLock SpatiallyLoaded:1 Bounds:IsValid=true, Min=(X=45.331 Y=6488.190 Z=-438.068), Max=(X=195.282 Y=6577.392 Z=581.567) RuntimeGrid:None EditorOnly:0 RuntimeOnly:0 HLODRelevant:0 ListedInSceneOutliner:1 IsMainWorldOnly:0
 |   |   |- Guid:6BAF4DDD444C60371492D3919DB42C97 BaseClass: NativeClass:/Script/Engine.WorldDataLayers Name:WorldDataLayers Label:WorldDataLayers SpatiallyLoaded:0 Bounds:Invalid RuntimeGrid:None EditorOnly:0 RuntimeOnly:0 HLODRelevant:0 ListedInSceneOutliner:1 IsMainWorldOnly:1
 |   |   |- Guid:6D78313148D10FFB28CD49A8A61FEBF1 BaseClass: NativeClass:/Script/Engine.StaticMeshActor Name:StaticMeshActor_UAID_7486E205B57FAC5602_1908086591 Label:curtain_side SpatiallyLoaded:1 Bounds:IsValid=true, Min=(X=1910.696 Y=1361.175 Z=-211.072), Max=(X=2049.554 Y=1851.605 Z=348.316) RuntimeGrid:None EditorOnly:0 RuntimeOnly:0 HLODRelevant:1 ListedInSceneOutliner:1 IsMainWorldOnly:0
 |   |   |- Guid:71ECA4C440E6147706318DBFAF27E7A7 BaseClass: NativeClass:/Script/Engine.StaticMeshActor Name:StaticMeshActor_UAID_7486E205E744815402_1331066904 Label:Cube SpatiallyLoaded:1 Bounds:IsValid=true, Min=(X=1454.756 Y=904.756 Z=-227.744), Max=(X=1945.244 Y=1695.244 Z=-112.256) RuntimeGrid:None EditorOnly:0 RuntimeOnly:0 HLODRelevant:1 ListedInSceneOutliner:1 IsMainWorldOnly:0
 |   |   |- Guid:985C97F944143EC537F1BCB552F95DD2 BaseClass: NativeClass:/Script/Engine.StaticMeshActor Name:StaticMeshActor_UAID_7486E205B21CE34D02_1460782761 Label:Mansion_Rooms SpatiallyLoaded:1 Bounds:IsValid=true, Min=(X=-1941.019 Y=-738.516 Z=-291.057), Max=(X=2123.047 Y=8420.274 Z=574.962) RuntimeGrid:None EditorOnly:0 RuntimeOnly:0 HLODRelevant:1 ListedInSceneOutliner:1 IsMainWorldOnly:0
 |   |   |- Guid:9C6952E445620FD89C46F597071F7443 BaseClass: NativeClass:/Script/Engine.PointLight Name:PointLight_UAID_7486E205B57FAC5602_1295941585 Label:PointLight3 SpatiallyLoaded:1 Bounds:IsValid=true, Min=(X=551.522 Y=4692.387 Z=-791.592), Max=(X=2551.522 Y=6692.387 Z=1208.408) RuntimeGrid:None EditorOnly:0 RuntimeOnly:0 HLODRelevant:0 ListedInSceneOutliner:1 IsMainWorldOnly:0
 |   |   |- Guid:9D6B8C794D07360114BCADAC54BC0EF8 BaseClass: NativeClass:/Script/Engine.StaticMeshActor Name:StaticMeshActor_UAID_7486E205B21CE34D02_1128902759 Label:HH_Mansion_Blockout_Walls SpatiallyLoaded:1 Bounds:IsValid=true, Min=(X=-980.000 Y=3180.000 Z=0.000), Max=(X=-980.000 Y=3180.000 Z=0.000) RuntimeGrid:None EditorOnly:0 RuntimeOnly:0 HLODRelevant:0 ListedInSceneOutliner:1 IsMainWorldOnly:0
 |   |   |- Guid:B785ED2844B84CFB91E7F39FE661CD99 BaseClass: NativeClass:/Script/Engine.DirectionalLight Name:DirectionalLight_0 Label:DirectionalLight SpatiallyLoaded:0 Bounds:IsValid=true, Min=(X=-4398046511104.000 Y=-4398046511104.000 Z=-4398046511104.000), Max=(X=4398046511104.000 Y=4398046511104.000 Z=4398046511104.000) RuntimeGrid:None EditorOnly:0 RuntimeOnly:0 HLODRelevant:0 ListedInSceneOutliner:1 IsMainWorldOnly:0 FolderPath:Lighting FolderGuid:963EC3EB4002CCE9759E2EBA541A873A
 |   |   |- Guid:BA8206C14F91779DD3AFE7A3A5580A9E BaseClass: NativeClass:/Script/Engine.LocalHeightFog Name:LocalHeightFog_UAID_7486E205B57FAD5602_1927403770 Label:LocalHeightFog SpatiallyLoaded:0 Bounds:IsValid=true, Min=(X=905.835 Y=1248.049 Z=101.999), Max=(X=905.835 Y=1248.049 Z=101.999) RuntimeGrid:None EditorOnly:0 RuntimeOnly:0 HLODRelevant:0 ListedInSceneOutliner:1 IsMainWorldOnly:0
 |   |   |- Guid:BDCD92C04E9D66AA476007829F06F92F BaseClass: NativeClass:/Script/Engine.PointLight Name:PointLight_UAID_7486E205B57FAC5602_1274317583 Label:PointLight SpatiallyLoaded:1 Bounds:IsValid=true, Min=(X=-921.006 Y=5153.188 Z=-791.592), Max=(X=1078.994 Y=7153.188 Z=1208.408) RuntimeGrid:None EditorOnly:0 RuntimeOnly:0 HLODRelevant:0 ListedInSceneOutliner:1 IsMainWorldOnly:0
 |   |   |- Guid:CCFF262C46EEFFDF319E7F9539CE697E BaseClass: NativeClass:/Script/Engine.SkyAtmosphere Name:SkyAtmosphere_0 Label:SkyAtmosphere SpatiallyLoaded:0 Bounds:IsValid=true, Min=(X=0.000 Y=0.000 Z=1020.000), Max=(X=0.000 Y=0.000 Z=1020.000) RuntimeGrid:None EditorOnly:0 RuntimeOnly:0 HLODRelevant:0 ListedInSceneOutliner:1 IsMainWorldOnly:0 FolderPath:Lighting FolderGuid:963EC3EB4002CCE9759E2EBA541A873A
 |   |   |- Guid:D862C83E4D0F6F476942979723412CE3 BaseClass:/Game/_MyContent/BP_GTele.BP_GTele_C NativeClass:/Script/Engine.Actor Name:BP_GTele_C_UAID_7486E205B57F485202_1553287766 Label:BP_GTele SpatiallyLoaded:1 Bounds:IsValid=true, Min=(X=1712.000 Y=542.000 Z=-208.000), Max=(X=1808.000 Y=638.000 Z=-112.000) RuntimeGrid:None EditorOnly:0 RuntimeOnly:0 HLODRelevant:0 ListedInSceneOutliner:1 IsMainWorldOnly:0
 |   |   |- Guid:DCF5154849D05F403BEDB098AC67BE3B BaseClass: NativeClass:/Script/Engine.PointLight Name:PointLight_UAID_7486E205B57FAC5602_1304165586 Label:PointLight4 SpatiallyLoaded:1 Bounds:IsValid=true, Min=(X=-1341.941 Y=109.471 Z=-791.592), Max=(X=658.059 Y=2109.471 Z=1208.408) RuntimeGrid:None EditorOnly:0 RuntimeOnly:0 HLODRelevant:0 ListedInSceneOutliner:1 IsMainWorldOnly:0
 |   |   |- Guid:DD26CC7F47CC2F65C995A280D9B51B95 BaseClass: NativeClass:/Script/Engine.StaticMeshActor Name:StaticMeshActor_UAID_7486E205B21CE34D02_1292856760 Label:HH_Mansion_Blockout_Floor SpatiallyLoaded:1 Bounds:IsValid=true, Min=(X=0.000 Y=2210.000 Z=320.000), Max=(X=0.000 Y=2210.000 Z=320.000) RuntimeGrid:None EditorOnly:0 RuntimeOnly:0 HLODRelevant:0 ListedInSceneOutliner:1 IsMainWorldOnly:0
 |   |   |- Guid:DE57356E438AA3B945DEEA87609A64A1 BaseClass:/Game/_MyContent/BP_DoorLock.BP_DoorLock_C NativeClass:/Script/Engine.Actor Name:BP_DoorLock_C_UAID_7486E205B57F1A5002_1312987558 Label:LoungeLock SpatiallyLoaded:1 Bounds:IsValid=true, Min=(X=-654.471 Y=743.312 Z=-376.113), Max=(X=-492.069 Y=843.312 Z=556.338) RuntimeGrid:None EditorOnly:0 RuntimeOnly:0 HLODRelevant:0 ListedInSceneOutliner:1 IsMainWorldOnly:0
 |   |   |- Guid:E3E823D94A5B9EE3B031F480325DC506 BaseClass: NativeClass:/Script/Engine.PointLight Name:PointLight_UAID_7486E205B57FAC5602_1291997584 Label:PointLight2 SpatiallyLoaded:1 Bounds:IsValid=true, Min=(X=-921.006 Y=6924.627 Z=-791.592), Max=(X=1078.994 Y=8924.627 Z=1208.408) RuntimeGrid:None EditorOnly:0 RuntimeOnly:0 HLODRelevant:0 ListedInSceneOutliner:1 IsMainWorldOnly:0
 |   |   |- Guid:E451097D46E65078B592D2BC18994225 BaseClass: NativeClass:/Script/Engine.PointLight Name:PointLight_UAID_7486E205B57FAC5602_1550211588 Label:PointLight6 SpatiallyLoaded:1 Bounds:IsValid=true, Min=(X=-1869.391 Y=-1389.379 Z=-791.592), Max=(X=130.609 Y=610.621 Z=1208.408) RuntimeGrid:None EditorOnly:0 RuntimeOnly:0 HLODRelevant:0 ListedInSceneOutliner:1 IsMainWorldOnly:0
 |   |   |- Guid:EC4E0C944CE6AC6E784BC6BB2916EA13 BaseClass: NativeClass:/Script/Engine.StaticMeshActor Name:StaticMeshActor_UAID_A4AE111137DC5EFB00_1110535423 Label:SM_SkySphere SpatiallyLoaded:0 Bounds:IsValid=true, Min=(X=-1638400.000 Y=-1638400.000 Z=-1638400.000), Max=(X=1638400.000 Y=1638400.000 Z=1638400.000) RuntimeGrid:None EditorOnly:0 RuntimeOnly:0 HLODRelevant:1 ListedInSceneOutliner:1 IsMainWorldOnly:0 FolderPath:Lighting FolderGuid:963EC3EB4002CCE9759E2EBA541A873A
 |   |   |- Guid:F5E3FEB3450C49844FD93DA8E083C8AD BaseClass: NativeClass:/Script/Engine.PostProcessVolume Name:PostProcessVolume_0 Label:PostProcessVolume SpatiallyLoaded:0 Bounds:IsValid=true, Min=(X=0.000 Y=0.000 Z=400.000), Max=(X=200.000 Y=200.000 Z=600.000) RuntimeGrid:None EditorOnly:0 RuntimeOnly:0 HLODRelevant:0 ListedInSceneOutliner:1 IsMainWorldOnly:0 FolderPath:Lighting FolderGuid:963EC3EB4002CCE9759E2EBA541A873A
 |   |- [+] Clusters:
 |   |   |- [+] [  0]
 |   |   |   |- Guid:026BE2CF4F1CD47410D495B82346A68F BaseClass: NativeClass:/Script/Engine.PointLight Name:PointLight_UAID_7486E205B57FAC5602_1538150587 Label:PointLight5 SpatiallyLoaded:1 Bounds:IsValid=true, Min=(X=334.243 Y=265.538 Z=-685.972), Max=(X=2334.243 Y=2265.538 Z=1314.028) RuntimeGrid:None EditorOnly:0 RuntimeOnly:0 HLODRelevant:0 ListedInSceneOutliner:1 IsMainWorldOnly:0
 |   |   |- [+] [  1]
 |   |   |   |- Guid:09762EC44A0F154FEFDAD9840B608B8B BaseClass:/Game/_MyContent/BP_DoorLock.BP_DoorLock_C NativeClass:/Script/Engine.Actor Name:BP_DoorLock_C_UAID_7486E205B57F475202_1433771586 Label:KitchenLock SpatiallyLoaded:1 Bounds:IsValid=true, Min=(X=100.992 Y=2217.174 Z=-425.368), Max=(X=224.928 Y=2415.942 Z=594.267) RuntimeGrid:None EditorOnly:0 RuntimeOnly:0 HLODRelevant:0 ListedInSceneOutliner:1 IsMainWorldOnly:0
 |   |   |- [+] [  2]
 |   |   |   |- Guid:1063230943D4316085114CABB3F58D7A BaseClass:/Game/_MyContent/BP_DrummerGhost.BP_DrummerGhost_C NativeClass:/Script/Engine.Actor Name:BP_DrummerGhost_C_UAID_7486E205E744805402_1893448727 Label:BP_DrummerGhost SpatiallyLoaded:1 Bounds:IsValid=true, Min=(X=1692.461 Y=5070.508 Z=-752.949), Max=(X=1903.363 Y=6707.011 Z=883.553) RuntimeGrid:None EditorOnly:0 RuntimeOnly:0 HLODRelevant:0 ListedInSceneOutliner:1 IsMainWorldOnly:0
 |   |   |- [+] [  3]
 |   |   |   |- Guid:16960F0244ADC3957872F2995165E566 BaseClass: NativeClass:/Script/Engine.StaticMeshActor Name:StaticMeshActor_UAID_7486E205B21CE44D02_1523713940 Label:conductor_merged SpatiallyLoaded:1 Bounds:IsValid=true, Min=(X=710.000 Y=1160.000 Z=-20.000), Max=(X=710.000 Y=1160.000 Z=-20.000) RuntimeGrid:None EditorOnly:0 RuntimeOnly:0 HLODRelevant:0 ListedInSceneOutliner:1 IsMainWorldOnly:0
 |   |   |- [+] [  4]
 |   |   |   |- Guid:1D43885043EDA29D71F815A048375765 BaseClass:/Game/_MyContent/BP_DoorLock.BP_DoorLock_C NativeClass:/Script/Engine.Actor Name:BP_DoorLock_C_UAID_7486E205B57F475202_1541885588 Label:BathroomLock SpatiallyLoaded:1 Bounds:IsValid=true, Min=(X=1067.500 Y=6195.075 Z=-202.500), Max=(X=1192.500 Y=6345.075 Z=222.500) RuntimeGrid:None EditorOnly:0 RuntimeOnly:0 HLODRelevant:0 ListedInSceneOutliner:1 IsMainWorldOnly:0
 |   |   |- [+] [  5]
 |   |   |   |- Guid:2FB58999456391D349DC0F86DAC136ED BaseClass: NativeClass:/Script/Engine.SkyLight Name:SkyLight_1 Label:SkyLight SpatiallyLoaded:0 Bounds:IsValid=true, Min=(X=0.000 Y=0.000 Z=690.000), Max=(X=0.000 Y=0.000 Z=690.000) RuntimeGrid:None EditorOnly:0 RuntimeOnly:0 HLODRelevant:0 ListedInSceneOutliner:1 IsMainWorldOnly:0 FolderPath:Lighting FolderGuid:963EC3EB4002CCE9759E2EBA541A873A
 |   |   |- [+] [  6]
 |   |   |   |- Guid:316CF2A6494ACA4C0E4180A87D36AB8F BaseClass: NativeClass:/Script/Engine.ExponentialHeightFog Name:ExponentialHeightFog_0 Label:ExponentialHeightFog SpatiallyLoaded:0 Bounds:IsValid=true, Min=(X=-5600.000 Y=-50.000 Z=-6850.000), Max=(X=-5600.000 Y=-50.000 Z=-6850.000) RuntimeGrid:None EditorOnly:0 RuntimeOnly:0 HLODRelevant:0 ListedInSceneOutliner:1 IsMainWorldOnly:0 FolderPath:Lighting FolderGuid:963EC3EB4002CCE9759E2EBA541A873A
 |   |   |- [+] [  7]
 |   |   |   |- Guid:3A00AA1C422CE54C0BDB60BAF471BFBB BaseClass: NativeClass:/Script/Engine.PlayerStart Name:PlayerStart_0 Label:PlayerStart SpatiallyLoaded:0 Bounds:IsValid=true, Min=(X=-1393.628 Y=1138.213 Z=-169.987), Max=(X=-1313.628 Y=1218.213 Z=14.013) RuntimeGrid:None EditorOnly:0 RuntimeOnly:0 HLODRelevant:0 ListedInSceneOutliner:1 IsMainWorldOnly:0
 |   |   |- [+] [  8]
 |   |   |   |- Guid:3EB5FB17430826C943F050A778A21532 BaseClass: NativeClass:/Script/Engine.StaticMeshActor Name:StaticMeshActor_UAID_7486E205B57FAD5602_1841161769 Label:curtain_side2 SpatiallyLoaded:1 Bounds:IsValid=true, Min=(X=1910.696 Y=668.446 Z=-211.072), Max=(X=2049.554 Y=1158.876 Z=348.316) RuntimeGrid:None EditorOnly:0 RuntimeOnly:0 HLODRelevant:1 ListedInSceneOutliner:1 IsMainWorldOnly:0
 |   |   |- [+] [  9]
 |   |   |   |- Guid:475E31734F8E216A43507C875AAB8E92 BaseClass:/Game/_MyContent/BP_Item.BP_Item_C NativeClass:/Script/Engine.Actor Name:BP_Item_C_UAID_7486E205B57F175002_1170887027 Label:drumsticks SpatiallyLoaded:1 Bounds:IsValid=true, Min=(X=898.167 Y=768.920 Z=-400.000), Max=(X=1282.475 Y=1091.846 Z=100.000) RuntimeGrid:None EditorOnly:0 RuntimeOnly:0 HLODRelevant:0 ListedInSceneOutliner:1 IsMainWorldOnly:0
 |   |   |- [+] [ 10]
 |   |   |   |- Guid:4D3BE93F4146AAAC8BBE79999D96D57F BaseClass: NativeClass:/Script/Engine.VolumetricCloud Name:VolumetricCloud_0 Label:VolumetricCloud SpatiallyLoaded:0 Bounds:IsValid=true, Min=(X=0.000 Y=0.000 Z=820.000), Max=(X=0.000 Y=0.000 Z=820.000) RuntimeGrid:None EditorOnly:0 RuntimeOnly:0 HLODRelevant:0 ListedInSceneOutliner:1 IsMainWorldOnly:0 FolderPath:Lighting FolderGuid:963EC3EB4002CCE9759E2EBA541A873A
 |   |   |- [+] [ 11]
 |   |   |   |- Guid:581A7F5045BEAF9F21BCD1BF79FE4EC2 BaseClass:/Game/_MyContent/BP_FTele.BP_FTele_C NativeClass:/Script/Engine.Actor Name:BP_FTele_C_UAID_7486E205B57F495202_1808825943 Label:BP_FTele SpatiallyLoaded:1 Bounds:IsValid=true, Min=(X=582.000 Y=5387.075 Z=-208.000), Max=(X=678.000 Y=5483.075 Z=-112.000) RuntimeGrid:None EditorOnly:0 RuntimeOnly:0 HLODRelevant:0 ListedInSceneOutliner:1 IsMainWorldOnly:0
 |   |   |- [+] [ 12]
 |   |   |   |- Guid:62073D1842E9432FB510438964B0D4C7 BaseClass: NativeClass:/Script/Engine.PointLight Name:PointLight_UAID_7486E205B57FAC5602_1556230590 Label:PointLight8 SpatiallyLoaded:1 Bounds:IsValid=true, Min=(X=-245.358 Y=1273.794 Z=-791.592), Max=(X=1754.642 Y=3273.794 Z=1208.408) RuntimeGrid:None EditorOnly:0 RuntimeOnly:0 HLODRelevant:0 ListedInSceneOutliner:1 IsMainWorldOnly:0
 |   |   |- [+] [ 13]
 |   |   |   |- Guid:67A9D76F4539660DD34FDFBA03E64803 BaseClass: NativeClass:/Script/Engine.PointLight Name:PointLight_UAID_7486E205B57FAC5602_1553517589 Label:PointLight7 SpatiallyLoaded:1 Bounds:IsValid=true, Min=(X=-1825.595 Y=1578.765 Z=-791.592), Max=(X=174.405 Y=3578.765 Z=1208.408) RuntimeGrid:None EditorOnly:0 RuntimeOnly:0 HLODRelevant:0 ListedInSceneOutliner:1 IsMainWorldOnly:0
 |   |   |- [+] [ 14]
 |   |   |   |- Guid:689AAFA644199733FC1FB9A10B305D66 BaseClass:/Game/_MyContent/BP_DoorLock.BP_DoorLock_C NativeClass:/Script/Engine.Actor Name:BP_DoorLock_C_UAID_7486E205B57F475202_1590363589 Label:BedroomLock SpatiallyLoaded:1 Bounds:IsValid=true, Min=(X=45.331 Y=6488.190 Z=-438.068), Max=(X=195.282 Y=6577.392 Z=581.567) RuntimeGrid:None EditorOnly:0 RuntimeOnly:0 HLODRelevant:0 ListedInSceneOutliner:1 IsMainWorldOnly:0
 |   |   |- [+] [ 15]
 |   |   |   |- Guid:6BAF4DDD444C60371492D3919DB42C97 BaseClass: NativeClass:/Script/Engine.WorldDataLayers Name:WorldDataLayers Label:WorldDataLayers SpatiallyLoaded:0 Bounds:Invalid RuntimeGrid:None EditorOnly:0 RuntimeOnly:0 HLODRelevant:0 ListedInSceneOutliner:1 IsMainWorldOnly:1
 |   |   |- [+] [ 16]
 |   |   |   |- Guid:6D78313148D10FFB28CD49A8A61FEBF1 BaseClass: NativeClass:/Script/Engine.StaticMeshActor Name:StaticMeshActor_UAID_7486E205B57FAC5602_1908086591 Label:curtain_side SpatiallyLoaded:1 Bounds:IsValid=true, Min=(X=1910.696 Y=1361.175 Z=-211.072), Max=(X=2049.554 Y=1851.605 Z=348.316) RuntimeGrid:None EditorOnly:0 RuntimeOnly:0 HLODRelevant:1 ListedInSceneOutliner:1 IsMainWorldOnly:0
 |   |   |- [+] [ 17]
 |   |   |   |- Guid:71ECA4C440E6147706318DBFAF27E7A7 BaseClass: NativeClass:/Script/Engine.StaticMeshActor Name:StaticMeshActor_UAID_7486E205E744815402_1331066904 Label:Cube SpatiallyLoaded:1 Bounds:IsValid=true, Min=(X=1454.756 Y=904.756 Z=-227.744), Max=(X=1945.244 Y=1695.244 Z=-112.256) RuntimeGrid:None EditorOnly:0 RuntimeOnly:0 HLODRelevant:1 ListedInSceneOutliner:1 IsMainWorldOnly:0
 |   |   |- [+] [ 18]
 |   |   |   |- Guid:985C97F944143EC537F1BCB552F95DD2 BaseClass: NativeClass:/Script/Engine.StaticMeshActor Name:StaticMeshActor_UAID_7486E205B21CE34D02_1460782761 Label:Mansion_Rooms SpatiallyLoaded:1 Bounds:IsValid=true, Min=(X=-1941.019 Y=-738.516 Z=-291.057), Max=(X=2123.047 Y=8420.274 Z=574.962) RuntimeGrid:None EditorOnly:0 RuntimeOnly:0 HLODRelevant:1 ListedInSceneOutliner:1 IsMainWorldOnly:0
 |   |   |- [+] [ 19]
 |   |   |   |- Guid:9C6952E445620FD89C46F597071F7443 BaseClass: NativeClass:/Script/Engine.PointLight Name:PointLight_UAID_7486E205B57FAC5602_1295941585 Label:PointLight3 SpatiallyLoaded:1 Bounds:IsValid=true, Min=(X=551.522 Y=4692.387 Z=-791.592), Max=(X=2551.522 Y=6692.387 Z=1208.408) RuntimeGrid:None EditorOnly:0 RuntimeOnly:0 HLODRelevant:0 ListedInSceneOutliner:1 IsMainWorldOnly:0
 |   |   |- [+] [ 20]
 |   |   |   |- Guid:9D6B8C794D07360114BCADAC54BC0EF8 BaseClass: NativeClass:/Script/Engine.StaticMeshActor Name:StaticMeshActor_UAID_7486E205B21CE34D02_1128902759 Label:HH_Mansion_Blockout_Walls SpatiallyLoaded:1 Bounds:IsValid=true, Min=(X=-980.000 Y=3180.000 Z=0.000), Max=(X=-980.000 Y=3180.000 Z=0.000) RuntimeGrid:None EditorOnly:0 RuntimeOnly:0 HLODRelevant:0 ListedInSceneOutliner:1 IsMainWorldOnly:0
 |   |   |- [+] [ 21]
 |   |   |   |- Guid:B785ED2844B84CFB91E7F39FE661CD99 BaseClass: NativeClass:/Script/Engine.DirectionalLight Name:DirectionalLight_0 Label:DirectionalLight SpatiallyLoaded:0 Bounds:IsValid=true, Min=(X=-4398046511104.000 Y=-4398046511104.000 Z=-4398046511104.000), Max=(X=4398046511104.000 Y=4398046511104.000 Z=4398046511104.000) RuntimeGrid:None EditorOnly:0 RuntimeOnly:0 HLODRelevant:0 ListedInSceneOutliner:1 IsMainWorldOnly:0 FolderPath:Lighting FolderGuid:963EC3EB4002CCE9759E2EBA541A873A
 |   |   |- [+] [ 22]
 |   |   |   |- Guid:BA8206C14F91779DD3AFE7A3A5580A9E BaseClass: NativeClass:/Script/Engine.LocalHeightFog Name:LocalHeightFog_UAID_7486E205B57FAD5602_1927403770 Label:LocalHeightFog SpatiallyLoaded:0 Bounds:IsValid=true, Min=(X=905.835 Y=1248.049 Z=101.999), Max=(X=905.835 Y=1248.049 Z=101.999) RuntimeGrid:None EditorOnly:0 RuntimeOnly:0 HLODRelevant:0 ListedInSceneOutliner:1 IsMainWorldOnly:0
 |   |   |- [+] [ 23]
 |   |   |   |- Guid:BDCD92C04E9D66AA476007829F06F92F BaseClass: NativeClass:/Script/Engine.PointLight Name:PointLight_UAID_7486E205B57FAC5602_1274317583 Label:PointLight SpatiallyLoaded:1 Bounds:IsValid=true, Min=(X=-921.006 Y=5153.188 Z=-791.592), Max=(X=1078.994 Y=7153.188 Z=1208.408) RuntimeGrid:None EditorOnly:0 RuntimeOnly:0 HLODRelevant:0 ListedInSceneOutliner:1 IsMainWorldOnly:0
 |   |   |- [+] [ 24]
 |   |   |   |- Guid:CCFF262C46EEFFDF319E7F9539CE697E BaseClass: NativeClass:/Script/Engine.SkyAtmosphere Name:SkyAtmosphere_0 Label:SkyAtmosphere SpatiallyLoaded:0 Bounds:IsValid=true, Min=(X=0.000 Y=0.000 Z=1020.000), Max=(X=0.000 Y=0.000 Z=1020.000) RuntimeGrid:None EditorOnly:0 RuntimeOnly:0 HLODRelevant:0 ListedInSceneOutliner:1 IsMainWorldOnly:0 FolderPath:Lighting FolderGuid:963EC3EB4002CCE9759E2EBA541A873A
 |   |   |- [+] [ 25]
 |   |   |   |- Guid:D862C83E4D0F6F476942979723412CE3 BaseClass:/Game/_MyContent/BP_GTele.BP_GTele_C NativeClass:/Script/Engine.Actor Name:BP_GTele_C_UAID_7486E205B57F485202_1553287766 Label:BP_GTele SpatiallyLoaded:1 Bounds:IsValid=true, Min=(X=1712.000 Y=542.000 Z=-208.000), Max=(X=1808.000 Y=638.000 Z=-112.000) RuntimeGrid:None EditorOnly:0 RuntimeOnly:0 HLODRelevant:0 ListedInSceneOutliner:1 IsMainWorldOnly:0
 |   |   |- [+] [ 26]
 |   |   |   |- Guid:DCF5154849D05F403BEDB098AC67BE3B BaseClass: NativeClass:/Script/Engine.PointLight Name:PointLight_UAID_7486E205B57FAC5602_1304165586 Label:PointLight4 SpatiallyLoaded:1 Bounds:IsValid=true, Min=(X=-1341.941 Y=109.471 Z=-791.592), Max=(X=658.059 Y=2109.471 Z=1208.408) RuntimeGrid:None EditorOnly:0 RuntimeOnly:0 HLODRelevant:0 ListedInSceneOutliner:1 IsMainWorldOnly:0
 |   |   |- [+] [ 27]
 |   |   |   |- Guid:DD26CC7F47CC2F65C995A280D9B51B95 BaseClass: NativeClass:/Script/Engine.StaticMeshActor Name:StaticMeshActor_UAID_7486E205B21CE34D02_1292856760 Label:HH_Mansion_Blockout_Floor SpatiallyLoaded:1 Bounds:IsValid=true, Min=(X=0.000 Y=2210.000 Z=320.000), Max=(X=0.000 Y=2210.000 Z=320.000) RuntimeGrid:None EditorOnly:0 RuntimeOnly:0 HLODRelevant:0 ListedInSceneOutliner:1 IsMainWorldOnly:0
 |   |   |- [+] [ 28]
 |   |   |   |- Guid:DE57356E438AA3B945DEEA87609A64A1 BaseClass:/Game/_MyContent/BP_DoorLock.BP_DoorLock_C NativeClass:/Script/Engine.Actor Name:BP_DoorLock_C_UAID_7486E205B57F1A5002_1312987558 Label:LoungeLock SpatiallyLoaded:1 Bounds:IsValid=true, Min=(X=-654.471 Y=743.312 Z=-376.113), Max=(X=-492.069 Y=843.312 Z=556.338) RuntimeGrid:None EditorOnly:0 RuntimeOnly:0 HLODRelevant:0 ListedInSceneOutliner:1 IsMainWorldOnly:0
 |   |   |- [+] [ 29]
 |   |   |   |- Guid:E3E823D94A5B9EE3B031F480325DC506 BaseClass: NativeClass:/Script/Engine.PointLight Name:PointLight_UAID_7486E205B57FAC5602_1291997584 Label:PointLight2 SpatiallyLoaded:1 Bounds:IsValid=true, Min=(X=-921.006 Y=6924.627 Z=-791.592), Max=(X=1078.994 Y=8924.627 Z=1208.408) RuntimeGrid:None EditorOnly:0 RuntimeOnly:0 HLODRelevant:0 ListedInSceneOutliner:1 IsMainWorldOnly:0
 |   |   |- [+] [ 30]
 |   |   |   |- Guid:E451097D46E65078B592D2BC18994225 BaseClass: NativeClass:/Script/Engine.PointLight Name:PointLight_UAID_7486E205B57FAC5602_1550211588 Label:PointLight6 SpatiallyLoaded:1 Bounds:IsValid=true, Min=(X=-1869.391 Y=-1389.379 Z=-791.592), Max=(X=130.609 Y=610.621 Z=1208.408) RuntimeGrid:None EditorOnly:0 RuntimeOnly:0 HLODRelevant:0 ListedInSceneOutliner:1 IsMainWorldOnly:0
 |   |   |- [+] [ 31]
 |   |   |   |- Guid:EC4E0C944CE6AC6E784BC6BB2916EA13 BaseClass: NativeClass:/Script/Engine.StaticMeshActor Name:StaticMeshActor_UAID_A4AE111137DC5EFB00_1110535423 Label:SM_SkySphere SpatiallyLoaded:0 Bounds:IsValid=true, Min=(X=-1638400.000 Y=-1638400.000 Z=-1638400.000), Max=(X=1638400.000 Y=1638400.000 Z=1638400.000) RuntimeGrid:None EditorOnly:0 RuntimeOnly:0 HLODRelevant:1 ListedInSceneOutliner:1 IsMainWorldOnly:0 FolderPath:Lighting FolderGuid:963EC3EB4002CCE9759E2EBA541A873A
 |   |   |- [+] [ 32]
 |   |   |   |- Guid:F5E3FEB3450C49844FD93DA8E083C8AD BaseClass: NativeClass:/Script/Engine.PostProcessVolume Name:PostProcessVolume_0 Label:PostProcessVolume SpatiallyLoaded:0 Bounds:IsValid=true, Min=(X=0.000 Y=0.000 Z=400.000), Max=(X=200.000 Y=200.000 Z=600.000) RuntimeGrid:None EditorOnly:0 RuntimeOnly:0 HLODRelevant:0 ListedInSceneOutliner:1 IsMainWorldOnly:0 FolderPath:Lighting FolderGuid:963EC3EB4002CCE9759E2EBA541A873A
 |- ContainerInstances:
 |- [+] MainContainer:
 |   |-        ID: 00000000000000000000000000000000
 |   |-  ParentID: 00000000000000000000000000000000
 |   |-    Bounds: IsValid=false, Min=(X=0.000 Y=0.000 Z=0.000), Max=(X=0.000 Y=0.000 Z=0.000)
 |   |- Transform: 0.000000,0.000000,0.000000|0.000000,0.000000,-0.000000|1.000000,1.000000,1.000000
 |   |- Container: /Game/ThirdPerson/Maps/ThirdPersonMap
----------------------------------------------------------------------------------------------------------------
ThirdPersonMap - Persistent Level
----------------------------------------------------------------------------------------------------------------
[+] Content of ThirdPersonMap Persistent Level
 |- Always loaded Actor Count: 40 
 |- Actor Path: /Game/ThirdPerson/Maps/ThirdPersonMap.ThirdPersonMap:PersistentLevel.AbstractNavData-Default
 |- Actor Package: /Game/ThirdPerson/Maps/ThirdPersonMap
 |- Actor Path: /Game/ThirdPerson/Maps/ThirdPersonMap.ThirdPersonMap:PersistentLevel.BP_DoorLock_C_UAID_7486E205B57F1A5002_1312987558
 |- Actor Package: /Game/__ExternalActors__/ThirdPerson/Maps/ThirdPersonMap/B/O5/PETXKQF1SNB0U0XS8WEOIC
 |- Actor Path: /Game/ThirdPerson/Maps/ThirdPersonMap.ThirdPersonMap:PersistentLevel.BP_DoorLock_C_UAID_7486E205B57F475202_1433771586
 |- Actor Package: /Game/__ExternalActors__/ThirdPerson/Maps/ThirdPersonMap/E/TR/EI5TWJT78HCMPAH5TP48UU
 |- Actor Path: /Game/ThirdPerson/Maps/ThirdPersonMap.ThirdPersonMap:PersistentLevel.BP_DoorLock_C_UAID_7486E205B57F475202_1541885588
 |- Actor Package: /Game/__ExternalActors__/ThirdPerson/Maps/ThirdPersonMap/2/C3/VCSP6MIHP3YZ94ZQR17PCR
 |- Actor Path: /Game/ThirdPerson/Maps/ThirdPersonMap.ThirdPersonMap:PersistentLevel.BP_DoorLock_C_UAID_7486E205B57F475202_1590363589
 |- Actor Package: /Game/__ExternalActors__/ThirdPerson/Maps/ThirdPersonMap/C/V4/O3BPR37DFJ59YTQYGLW0O0
 |- Actor Path: /Game/ThirdPerson/Maps/ThirdPersonMap.ThirdPersonMap:PersistentLevel.BP_DrummerGhost_C_UAID_7486E205E744805402_1893448727
 |- Actor Package: /Game/__ExternalActors__/ThirdPerson/Maps/ThirdPersonMap/C/DF/O69RM2UJXBAHX7IIKNY4OQ
 |- Actor Path: /Game/ThirdPerson/Maps/ThirdPersonMap.ThirdPersonMap:PersistentLevel.BP_FTele_C_UAID_7486E205B57F495202_1808825943
 |- Actor Package: /Game/__ExternalActors__/ThirdPerson/Maps/ThirdPersonMap/2/BP/YUNFKU8H6Q826SQH0ZXKA6
 |- Actor Path: /Game/ThirdPerson/Maps/ThirdPersonMap.ThirdPersonMap:PersistentLevel.BP_GTele_C_UAID_7486E205B57F485202_1553287766
 |- Actor Package: /Game/__ExternalActors__/ThirdPerson/Maps/ThirdPersonMap/C/KX/9U2PJIKU5VAG7LQH8VPG1Y
 |- Actor Path: /Game/ThirdPerson/Maps/ThirdPersonMap.ThirdPersonMap:PersistentLevel.BP_Item_C_UAID_7486E205B57F175002_1170887027
 |- Actor Package: /Game/__ExternalActors__/ThirdPerson/Maps/ThirdPersonMap/2/E4/3PB594BQD976X88UQ5OCT9
 |- Actor Path: /Game/ThirdPerson/Maps/ThirdPersonMap.ThirdPersonMap:PersistentLevel.Brush_0
 |- Actor Package: /Game/ThirdPerson/Maps/ThirdPersonMap
 |- Actor Path: /Game/ThirdPerson/Maps/ThirdPersonMap.ThirdPersonMap:PersistentLevel.DefaultPhysicsVolume_0
 |- Actor Package: /Game/ThirdPerson/Maps/ThirdPersonMap
 |- Actor Path: /Game/ThirdPerson/Maps/ThirdPersonMap.ThirdPersonMap:PersistentLevel.DirectionalLight_0
 |- Actor Package: /Game/__ExternalActors__/ThirdPerson/Maps/ThirdPersonMap/5/R1/TS5OQ5CRUWFZYL1ZQ7I416
 |- Actor Path: /Game/ThirdPerson/Maps/ThirdPersonMap.ThirdPersonMap:PersistentLevel.ExponentialHeightFog_0
 |- Actor Package: /Game/__ExternalActors__/ThirdPerson/Maps/ThirdPersonMap/6/J7/N10XDC9G27EMLS5AGZ6AVV
 |- Actor Path: /Game/ThirdPerson/Maps/ThirdPersonMap.ThirdPersonMap:PersistentLevel.GameplayDebuggerPlayerManager_0
 |- Actor Package: /Game/ThirdPerson/Maps/ThirdPersonMap
 |- Actor Path: /Game/ThirdPerson/Maps/ThirdPersonMap.ThirdPersonMap:PersistentLevel.LocalHeightFog_UAID_7486E205B57FAD5602_1927403770
 |- Actor Package: /Game/__ExternalActors__/ThirdPerson/Maps/ThirdPersonMap/0/3O/ZLNPVX71H8NA0G7L6BFGFU
 |- Actor Path: /Game/ThirdPerson/Maps/ThirdPersonMap.ThirdPersonMap:PersistentLevel.PlayerStart_0
 |- Actor Package: /Game/__ExternalActors__/ThirdPerson/Maps/ThirdPersonMap/D/DE/SWSI13675DVYIZ0N4NF7Y3
 |- Actor Path: /Game/ThirdPerson/Maps/ThirdPersonMap.ThirdPersonMap:PersistentLevel.PointLight_UAID_7486E205B57FAC5602_1274317583
 |- Actor Package: /Game/__ExternalActors__/ThirdPerson/Maps/ThirdPersonMap/1/01/G5EWPJ7YCDHC8KIIIS2MOC
 |- Actor Path: /Game/ThirdPerson/Maps/ThirdPersonMap.ThirdPersonMap:PersistentLevel.PointLight_UAID_7486E205B57FAC5602_1291997584
 |- Actor Package: /Game/__ExternalActors__/ThirdPerson/Maps/ThirdPersonMap/8/YF/HBCB7M9OKEKY94Q6QOL6TW
 |- Actor Path: /Game/ThirdPerson/Maps/ThirdPersonMap.ThirdPersonMap:PersistentLevel.PointLight_UAID_7486E205B57FAC5602_1295941585
 |- Actor Package: /Game/__ExternalActors__/ThirdPerson/Maps/ThirdPersonMap/C/0R/IUN0E7J85F4N3HW9WJXO6C
 |- Actor Path: /Game/ThirdPerson/Maps/ThirdPersonMap.ThirdPersonMap:PersistentLevel.PointLight_UAID_7486E205B57FAC5602_1304165586
 |- Actor Package: /Game/__ExternalActors__/ThirdPerson/Maps/ThirdPersonMap/D/0R/2VMVUV8ZP62VTZJURTIV4R
 |- Actor Path: /Game/ThirdPerson/Maps/ThirdPersonMap.ThirdPersonMap:PersistentLevel.PointLight_UAID_7486E205B57FAC5602_1538150587
 |- Actor Package: /Game/__ExternalActors__/ThirdPerson/Maps/ThirdPersonMap/8/Y5/4Z0SO1PDTLFU2KF901E2U9
 |- Actor Path: /Game/ThirdPerson/Maps/ThirdPersonMap.ThirdPersonMap:PersistentLevel.PointLight_UAID_7486E205B57FAC5602_1550211588
 |- Actor Package: /Game/__ExternalActors__/ThirdPerson/Maps/ThirdPersonMap/D/F8/URM74ZZOY0RLYB9FKHSQTQ
 |- Actor Path: /Game/ThirdPerson/Maps/ThirdPersonMap.ThirdPersonMap:PersistentLevel.PointLight_UAID_7486E205B57FAC5602_1553517589
 |- Actor Package: /Game/__ExternalActors__/ThirdPerson/Maps/ThirdPersonMap/A/RZ/W6ACRMBHA27MOEY8ECOCJT
 |- Actor Path: /Game/ThirdPerson/Maps/ThirdPersonMap.ThirdPersonMap:PersistentLevel.PointLight_UAID_7486E205B57FAC5602_1556230590
 |- Actor Package: /Game/__ExternalActors__/ThirdPerson/Maps/ThirdPersonMap/7/N0/PL73XNEX3UZ0LZ9JWZIQLW
 |- Actor Path: /Game/ThirdPerson/Maps/ThirdPersonMap.ThirdPersonMap:PersistentLevel.PostProcessVolume_0
 |- Actor Package: /Game/__ExternalActors__/ThirdPerson/Maps/ThirdPersonMap/1/AZ/A7GPT109Y6ZTTJD4A7TXER
 |- Actor Path: /Game/ThirdPerson/Maps/ThirdPersonMap.ThirdPersonMap:PersistentLevel.SkyAtmosphere_0
 |- Actor Package: /Game/__ExternalActors__/ThirdPerson/Maps/ThirdPersonMap/4/LN/30UBDLYFFA5ZR7U4W4L4GG
 |- Actor Path: /Game/ThirdPerson/Maps/ThirdPersonMap.ThirdPersonMap:PersistentLevel.SkyLight_1
 |- Actor Package: /Game/__ExternalActors__/ThirdPerson/Maps/ThirdPersonMap/8/S1/DXUWD12MD3HRWVVXX076BY
 |- Actor Path: /Game/ThirdPerson/Maps/ThirdPersonMap.ThirdPersonMap:PersistentLevel.StaticMeshActor_UAID_7486E205B21CE34D02_1128902759
 |- Actor Package: /Game/__ExternalActors__/ThirdPerson/Maps/ThirdPersonMap/1/HQ/KEX1MK1O4V63WLN7V92Q8O
 |- Actor Path: /Game/ThirdPerson/Maps/ThirdPersonMap.ThirdPersonMap:PersistentLevel.StaticMeshActor_UAID_7486E205B21CE34D02_1292856760
 |- Actor Package: /Game/__ExternalActors__/ThirdPerson/Maps/ThirdPersonMap/5/TC/TGOWZ9RS49VI4085YGLRHI
 |- Actor Path: /Game/ThirdPerson/Maps/ThirdPersonMap.ThirdPersonMap:PersistentLevel.StaticMeshActor_UAID_7486E205B21CE34D02_1460782761
 |- Actor Package: /Game/__ExternalActors__/ThirdPerson/Maps/ThirdPersonMap/0/VZ/LUAGDL0CY27JSX9XO2LW2R
 |- Actor Path: /Game/ThirdPerson/Maps/ThirdPersonMap.ThirdPersonMap:PersistentLevel.StaticMeshActor_UAID_7486E205B21CE44D02_1523713940
 |- Actor Package: /Game/__ExternalActors__/ThirdPerson/Maps/ThirdPersonMap/4/K1/N4SEI44DFKFSL1KUN4GC91
 |- Actor Path: /Game/ThirdPerson/Maps/ThirdPersonMap.ThirdPersonMap:PersistentLevel.StaticMeshActor_UAID_7486E205B57FAC5602_1908086591
 |- Actor Package: /Game/__ExternalActors__/ThirdPerson/Maps/ThirdPersonMap/1/25/0OJ9NI1JCUZ8GXZV154U2E
 |- Actor Path: /Game/ThirdPerson/Maps/ThirdPersonMap.ThirdPersonMap:PersistentLevel.StaticMeshActor_UAID_7486E205B57FAD5602_1841161769
 |- Actor Package: /Game/__ExternalActors__/ThirdPerson/Maps/ThirdPersonMap/A/E9/8BU03NS7474K2KXP9XUG3Y
 |- Actor Path: /Game/ThirdPerson/Maps/ThirdPersonMap.ThirdPersonMap:PersistentLevel.StaticMeshActor_UAID_7486E205E744815402_1331066904
 |- Actor Package: /Game/__ExternalActors__/ThirdPerson/Maps/ThirdPersonMap/4/IV/WPEHOX03YNKP7H7USYUJPH
 |- Actor Path: /Game/ThirdPerson/Maps/ThirdPersonMap.ThirdPersonMap:PersistentLevel.StaticMeshActor_UAID_A4AE111137DC5EFB00_1110535423
 |- Actor Package: /Game/__ExternalActors__/ThirdPerson/Maps/ThirdPersonMap/4/PN/2QISIGK5DJNQ05US8O8FXW
 |- Actor Path: /Game/ThirdPerson/Maps/ThirdPersonMap.ThirdPersonMap:PersistentLevel.ThirdPersonMap_C_1
 |- Actor Package: /Game/ThirdPerson/Maps/ThirdPersonMap
 |- Actor Path: /Game/ThirdPerson/Maps/ThirdPersonMap.ThirdPersonMap:PersistentLevel.VolumetricCloud_0
 |- Actor Package: /Game/__ExternalActors__/ThirdPerson/Maps/ThirdPersonMap/3/EY/87SHEJN5UBEAN2K5OV1G6R
 |- Actor Path: /Game/ThirdPerson/Maps/ThirdPersonMap.ThirdPersonMap:PersistentLevel.WorldDataLayers
 |- Actor Package: /Game/__ExternalActors__/ThirdPerson/Maps/ThirdPersonMap/0/43/HYQWORMY4JDQ5X3OKZXFLC
 |- Actor Path: /Game/ThirdPerson/Maps/ThirdPersonMap.ThirdPersonMap:PersistentLevel.WorldInfo_0
 |- Actor Package: /Game/ThirdPerson/Maps/ThirdPersonMap
 |- Actor Path: /Game/ThirdPerson/Maps/ThirdPersonMap.ThirdPersonMap:PersistentLevel.WorldPartitionMiniMap_0
 |- Actor Package: /Game/__ExternalActors__/ThirdPerson/Maps/ThirdPersonMap/E/FR/LBG6LPN5JCL3FMVSI2CK6R

----------------------------------------------------------------------------------------------------------------
ThirdPersonMap - Runtime Spatial Hash - Streaming Grid - MainGrid
----------------------------------------------------------------------------------------------------------------
            Origin: X=0.000 Y=0.000 Z=0.000
         Cell Size: 12800
      World Bounds: IsValid=false, Min=(X=0.000 Y=0.000 Z=0.000), Max=(X=0.000 Y=0.000 Z=0.000)
     Loading Range: 25600.00
Block Slow Loading: No
 ClientOnlyVisible: No
            Origin: X=0.000 Y=0.000 Z=0.000

[+] Grid Levels: 1
 |- Level  0: Cell Count    0 | Cell Size   12800 | Actor Count    0 (0.0%)

[+] Content of Grid Level 0

