[+] Containers:
 |- [+] Container: /Game/ThirdPerson/Maps/ThirdPersonMap
 |   |- [+] ActorDescs:
 |   |   |- Guid:09762EC44A0F154FEFDAD9840B608B8B BaseClass:/Game/_MyContent/BP_DoorLock.BP_DoorLock_C NativeClass:/Script/Engine.Actor Name:BP_DoorLock_C_UAID_7486E205B57F475202_1433771586 Label:KitchenLock SpatiallyLoaded:1 Bounds:IsValid=true, Min=(X=677.500 Y=1860.000 Z=-222.500), Max=(X=802.500 Y=1985.000 Z=202.500) RuntimeGrid:None EditorOnly:0 RuntimeOnly:0 HLODRelevant:0 ListedInSceneOutliner:1 IsMainWorldOnly:0
 |   |   |- Guid:1063230943D4316085114CABB3F58D7A BaseClass:/Game/_MyContent/BP_DrummerGhost.BP_DrummerGhost_C NativeClass:/Script/Engine.Actor Name:BP_DrummerGhost_C_UAID_7486E205E744805402_1893448727 Label:BP_DrummerGhost SpatiallyLoaded:1 Bounds:IsValid=true, Min=(X=1826.000 Y=3570.000 Z=-570.000), Max=(X=1954.000 Y=4570.000 Z=430.000) RuntimeGrid:None EditorOnly:0 RuntimeOnly:0 HLODRelevant:0 ListedInSceneOutliner:1 IsMainWorldOnly:0
 |   |   |- Guid:14CA2D7F472AF3D446219E93DF3BE215 BaseClass:/Game/_MyContent/BP_Item.BP_Item_C NativeClass:/Script/Engine.Actor Name:BP_Item_C_UAID_7486E205B57F175002_1167259026 Label:BP_Item SpatiallyLoaded:1 Bounds:IsValid=true, Min=(X=888.167 Y=1118.920 Z=-340.000), Max=(X=1272.475 Y=1441.846 Z=160.000) RuntimeGrid:None EditorOnly:0 RuntimeOnly:0 HLODRelevant:0 ListedInSceneOutliner:1 IsMainWorldOnly:0
 |   |   |- Guid:16960F0244ADC3957872F2995165E566 BaseClass: NativeClass:/Script/Engine.StaticMeshActor Name:StaticMeshActor_UAID_7486E205B21CE44D02_1523713940 Label:conductor_merged SpatiallyLoaded:1 Bounds:IsValid=true, Min=(X=710.000 Y=1160.000 Z=-20.000), Max=(X=710.000 Y=1160.000 Z=-20.000) RuntimeGrid:None EditorOnly:0 RuntimeOnly:0 HLODRelevant:0 ListedInSceneOutliner:1 IsMainWorldOnly:0
 |   |   |- Guid:1D43885043EDA29D71F815A048375765 BaseClass:/Game/_MyContent/BP_DoorLock.BP_DoorLock_C NativeClass:/Script/Engine.Actor Name:BP_DoorLock_C_UAID_7486E205B57F475202_1541885588 Label:BathroomLock SpatiallyLoaded:1 Bounds:IsValid=true, Min=(X=1067.500 Y=4370.000 Z=-202.500), Max=(X=1192.500 Y=4520.000 Z=222.500) RuntimeGrid:None EditorOnly:0 RuntimeOnly:0 HLODRelevant:0 ListedInSceneOutliner:1 IsMainWorldOnly:0
 |   |   |- Guid:2E9273EA4D77FC79E64883A931F85B89 BaseClass: NativeClass:/Script/Engine.PointLight Name:PointLight_UAID_7486E205B57F475202_1461741587 Label:PointLight3 SpatiallyLoaded:1 Bounds:IsValid=true, Min=(X=220.000 Y=910.000 Z=-980.000), Max=(X=2220.000 Y=2910.000 Z=1020.000) RuntimeGrid:None EditorOnly:0 RuntimeOnly:0 HLODRelevant:0 ListedInSceneOutliner:1 IsMainWorldOnly:0
 |   |   |- Guid:2FB58999456391D349DC0F86DAC136ED BaseClass: NativeClass:/Script/Engine.SkyLight Name:SkyLight_1 Label:SkyLight SpatiallyLoaded:0 Bounds:IsValid=true, Min=(X=0.000 Y=0.000 Z=690.000), Max=(X=0.000 Y=0.000 Z=690.000) RuntimeGrid:None EditorOnly:0 RuntimeOnly:0 HLODRelevant:0 ListedInSceneOutliner:1 IsMainWorldOnly:0 FolderPath:Lighting FolderGuid:963EC3EB4002CCE9759E2EBA541A873A
 |   |   |- Guid:316CF2A6494ACA4C0E4180A87D36AB8F BaseClass: NativeClass:/Script/Engine.ExponentialHeightFog Name:ExponentialHeightFog_0 Label:ExponentialHeightFog SpatiallyLoaded:0 Bounds:IsValid=true, Min=(X=-5600.000 Y=-50.000 Z=-6850.000), Max=(X=-5600.000 Y=-50.000 Z=-6850.000) RuntimeGrid:None EditorOnly:0 RuntimeOnly:0 HLODRelevant:0 ListedInSceneOutliner:1 IsMainWorldOnly:0 FolderPath:Lighting FolderGuid:963EC3EB4002CCE9759E2EBA541A873A
 |   |   |- Guid:3A00AA1C422CE54C0BDB60BAF471BFBB BaseClass: NativeClass:/Script/Engine.PlayerStart Name:PlayerStart_0 Label:PlayerStart SpatiallyLoaded:0 Bounds:IsValid=true, Min=(X=370.000 Y=1200.000 Z=-169.987), Max=(X=450.000 Y=1280.000 Z=14.013) RuntimeGrid:None EditorOnly:0 RuntimeOnly:0 HLODRelevant:0 ListedInSceneOutliner:1 IsMainWorldOnly:0
 |   |   |- Guid:46AF94054C886E1939D040B68216155F BaseClass: NativeClass:/Script/Engine.PointLight Name:PointLight_UAID_7486E205B57F465202_2035025409 Label:PointLight2 SpatiallyLoaded:1 Bounds:IsValid=true, Min=(X=-390.000 Y=2860.000 Z=-980.000), Max=(X=1610.000 Y=4860.000 Z=1020.000) RuntimeGrid:None EditorOnly:0 RuntimeOnly:0 HLODRelevant:0 ListedInSceneOutliner:1 IsMainWorldOnly:0
 |   |   |- Guid:475E31734F8E216A43507C875AAB8E92 BaseClass:/Game/_MyContent/BP_Item.BP_Item_C NativeClass:/Script/Engine.Actor Name:BP_Item_C_UAID_7486E205B57F175002_1170887027 Label:drumsticks SpatiallyLoaded:1 Bounds:IsValid=true, Min=(X=898.167 Y=768.920 Z=-400.000), Max=(X=1282.475 Y=1091.846 Z=100.000) RuntimeGrid:None EditorOnly:0 RuntimeOnly:0 HLODRelevant:0 ListedInSceneOutliner:1 IsMainWorldOnly:0
 |   |   |- Guid:4D3BE93F4146AAAC8BBE79999D96D57F BaseClass: NativeClass:/Script/Engine.VolumetricCloud Name:VolumetricCloud_0 Label:VolumetricCloud SpatiallyLoaded:0 Bounds:IsValid=true, Min=(X=0.000 Y=0.000 Z=820.000), Max=(X=0.000 Y=0.000 Z=820.000) RuntimeGrid:None EditorOnly:0 RuntimeOnly:0 HLODRelevant:0 ListedInSceneOutliner:1 IsMainWorldOnly:0 FolderPath:Lighting FolderGuid:963EC3EB4002CCE9759E2EBA541A873A
 |   |   |- Guid:581A7F5045BEAF9F21BCD1BF79FE4EC2 BaseClass:/Game/_MyContent/BP_FTele.BP_FTele_C NativeClass:/Script/Engine.Actor Name:BP_FTele_C_UAID_7486E205B57F495202_1808825943 Label:BP_FTele SpatiallyLoaded:1 Bounds:IsValid=true, Min=(X=582.000 Y=3562.000 Z=-208.000), Max=(X=678.000 Y=3658.000 Z=-112.000) RuntimeGrid:None EditorOnly:0 RuntimeOnly:0 HLODRelevant:0 ListedInSceneOutliner:1 IsMainWorldOnly:0
 |   |   |- Guid:689AAFA644199733FC1FB9A10B305D66 BaseClass:/Game/_MyContent/BP_DoorLock.BP_DoorLock_C NativeClass:/Script/Engine.Actor Name:BP_DoorLock_C_UAID_7486E205B57F475202_1590363589 Label:BedroomLock SpatiallyLoaded:1 Bounds:IsValid=true, Min=(X=670.000 Y=4500.000 Z=-202.500), Max=(X=770.000 Y=4650.000 Z=222.500) RuntimeGrid:None EditorOnly:0 RuntimeOnly:0 HLODRelevant:0 ListedInSceneOutliner:1 IsMainWorldOnly:0
 |   |   |- Guid:6BAF4DDD444C60371492D3919DB42C97 BaseClass: NativeClass:/Script/Engine.WorldDataLayers Name:WorldDataLayers Label:WorldDataLayers SpatiallyLoaded:0 Bounds:Invalid RuntimeGrid:None EditorOnly:0 RuntimeOnly:0 HLODRelevant:0 ListedInSceneOutliner:1 IsMainWorldOnly:1
 |   |   |- Guid:91E5E44340916AAB4CB032BBFD6C8994 BaseClass:/Game/_MyContent/BP_Item.BP_Item_C NativeClass:/Script/Engine.Actor Name:BP_Item_C_UAID_7486E205B57F175002_1201241028 Label:BP_Item3 SpatiallyLoaded:1 Bounds:IsValid=true, Min=(X=943.711 Y=1454.018 Z=-370.000), Max=(X=1436.462 Y=1605.982 Z=130.000) RuntimeGrid:None EditorOnly:0 RuntimeOnly:0 HLODRelevant:0 ListedInSceneOutliner:1 IsMainWorldOnly:0
 |   |   |- Guid:985C97F944143EC537F1BCB552F95DD2 BaseClass: NativeClass:/Script/Engine.StaticMeshActor Name:StaticMeshActor_UAID_7486E205B21CE34D02_1460782761 Label:Mansion_Rooms SpatiallyLoaded:1 Bounds:IsValid=true, Min=(X=-548.261 Y=41.255 Z=-244.750), Max=(X=1961.224 Y=5696.636 Z=290.000) RuntimeGrid:None EditorOnly:0 RuntimeOnly:0 HLODRelevant:1 ListedInSceneOutliner:1 IsMainWorldOnly:0
 |   |   |- Guid:9D6B8C794D07360114BCADAC54BC0EF8 BaseClass: NativeClass:/Script/Engine.StaticMeshActor Name:StaticMeshActor_UAID_7486E205B21CE34D02_1128902759 Label:HH_Mansion_Blockout_Walls SpatiallyLoaded:1 Bounds:IsValid=true, Min=(X=-980.000 Y=3180.000 Z=0.000), Max=(X=-980.000 Y=3180.000 Z=0.000) RuntimeGrid:None EditorOnly:0 RuntimeOnly:0 HLODRelevant:0 ListedInSceneOutliner:1 IsMainWorldOnly:0
 |   |   |- Guid:9E1CB78148A9981B4503279F7F381F2E BaseClass:/Game/_MyContent/BP_Ghost.BP_Ghost_C NativeClass:/Script/Engine.Actor Name:BP_Drummer_C_UAID_7486E205B57F4B5202_1173035296 Label:BP_Ghost SpatiallyLoaded:1 Bounds:IsValid=true, Min=(X=1754.000 Y=3562.500 Z=-427.500), Max=(X=1866.000 Y=4437.500 Z=447.500) RuntimeGrid:None EditorOnly:0 RuntimeOnly:0 HLODRelevant:0 ListedInSceneOutliner:1 IsMainWorldOnly:0
 |   |   |- Guid:B785ED2844B84CFB91E7F39FE661CD99 BaseClass: NativeClass:/Script/Engine.DirectionalLight Name:DirectionalLight_0 Label:DirectionalLight SpatiallyLoaded:0 Bounds:IsValid=true, Min=(X=-4398046511104.000 Y=-4398046511104.000 Z=-4398046511104.000), Max=(X=4398046511104.000 Y=4398046511104.000 Z=4398046511104.000) RuntimeGrid:None EditorOnly:0 RuntimeOnly:0 HLODRelevant:0 ListedInSceneOutliner:1 IsMainWorldOnly:0 FolderPath:Lighting FolderGuid:963EC3EB4002CCE9759E2EBA541A873A
 |   |   |- Guid:CCFF262C46EEFFDF319E7F9539CE697E BaseClass: NativeClass:/Script/Engine.SkyAtmosphere Name:SkyAtmosphere_0 Label:SkyAtmosphere SpatiallyLoaded:0 Bounds:IsValid=true, Min=(X=0.000 Y=0.000 Z=1020.000), Max=(X=0.000 Y=0.000 Z=1020.000) RuntimeGrid:None EditorOnly:0 RuntimeOnly:0 HLODRelevant:0 ListedInSceneOutliner:1 IsMainWorldOnly:0 FolderPath:Lighting FolderGuid:963EC3EB4002CCE9759E2EBA541A873A
 |   |   |- Guid:D862C83E4D0F6F476942979723412CE3 BaseClass:/Game/_MyContent/BP_GTele.BP_GTele_C NativeClass:/Script/Engine.Actor Name:BP_GTele_C_UAID_7486E205B57F485202_1553287766 Label:BP_GTele SpatiallyLoaded:1 Bounds:IsValid=true, Min=(X=1712.000 Y=542.000 Z=-208.000), Max=(X=1808.000 Y=638.000 Z=-112.000) RuntimeGrid:None EditorOnly:0 RuntimeOnly:0 HLODRelevant:0 ListedInSceneOutliner:1 IsMainWorldOnly:0
 |   |   |- Guid:DD26CC7F47CC2F65C995A280D9B51B95 BaseClass: NativeClass:/Script/Engine.StaticMeshActor Name:StaticMeshActor_UAID_7486E205B21CE34D02_1292856760 Label:HH_Mansion_Blockout_Floor SpatiallyLoaded:1 Bounds:IsValid=true, Min=(X=0.000 Y=2210.000 Z=320.000), Max=(X=0.000 Y=2210.000 Z=320.000) RuntimeGrid:None EditorOnly:0 RuntimeOnly:0 HLODRelevant:0 ListedInSceneOutliner:1 IsMainWorldOnly:0
 |   |   |- Guid:DE57356E438AA3B945DEEA87609A64A1 BaseClass:/Game/_MyContent/BP_DoorLock.BP_DoorLock_C NativeClass:/Script/Engine.Actor Name:BP_DoorLock_C_UAID_7486E205B57F1A5002_1312987558 Label:LoungeLock SpatiallyLoaded:1 Bounds:IsValid=true, Min=(X=237.500 Y=920.000 Z=-262.500), Max=(X=362.500 Y=1020.000 Z=162.500) RuntimeGrid:None EditorOnly:0 RuntimeOnly:0 HLODRelevant:0 ListedInSceneOutliner:1 IsMainWorldOnly:0
 |   |   |- Guid:EC4E0C944CE6AC6E784BC6BB2916EA13 BaseClass: NativeClass:/Script/Engine.StaticMeshActor Name:StaticMeshActor_UAID_A4AE111137DC5EFB00_1110535423 Label:SM_SkySphere SpatiallyLoaded:0 Bounds:IsValid=true, Min=(X=-1638400.000 Y=-1638400.000 Z=-1638400.000), Max=(X=1638400.000 Y=1638400.000 Z=1638400.000) RuntimeGrid:None EditorOnly:0 RuntimeOnly:0 HLODRelevant:1 ListedInSceneOutliner:1 IsMainWorldOnly:0 FolderPath:Lighting FolderGuid:963EC3EB4002CCE9759E2EBA541A873A
 |   |   |- Guid:F4F3F5184FA03243BB26EB81C1CDBF83 BaseClass: NativeClass:/Script/Engine.PointLight Name:PointLight_UAID_7486E205B21CE64D02_1502391293 Label:PointLight SpatiallyLoaded:1 Bounds:IsValid=true, Min=(X=-620.000 Y=210.000 Z=-980.000), Max=(X=1380.000 Y=2210.000 Z=1020.000) RuntimeGrid:None EditorOnly:0 RuntimeOnly:0 HLODRelevant:0 ListedInSceneOutliner:1 IsMainWorldOnly:0
 |   |   |- Guid:F5E3FEB3450C49844FD93DA8E083C8AD BaseClass: NativeClass:/Script/Engine.PostProcessVolume Name:PostProcessVolume_0 Label:PostProcessVolume SpatiallyLoaded:0 Bounds:IsValid=true, Min=(X=0.000 Y=0.000 Z=400.000), Max=(X=200.000 Y=200.000 Z=600.000) RuntimeGrid:None EditorOnly:0 RuntimeOnly:0 HLODRelevant:0 ListedInSceneOutliner:1 IsMainWorldOnly:0 FolderPath:Lighting FolderGuid:963EC3EB4002CCE9759E2EBA541A873A
 |   |- [+] Clusters:
 |   |   |- [+] [  0]
 |   |   |   |- Guid:09762EC44A0F154FEFDAD9840B608B8B BaseClass:/Game/_MyContent/BP_DoorLock.BP_DoorLock_C NativeClass:/Script/Engine.Actor Name:BP_DoorLock_C_UAID_7486E205B57F475202_1433771586 Label:KitchenLock SpatiallyLoaded:1 Bounds:IsValid=true, Min=(X=677.500 Y=1860.000 Z=-222.500), Max=(X=802.500 Y=1985.000 Z=202.500) RuntimeGrid:None EditorOnly:0 RuntimeOnly:0 HLODRelevant:0 ListedInSceneOutliner:1 IsMainWorldOnly:0
 |   |   |- [+] [  1]
 |   |   |   |- Guid:1063230943D4316085114CABB3F58D7A BaseClass:/Game/_MyContent/BP_DrummerGhost.BP_DrummerGhost_C NativeClass:/Script/Engine.Actor Name:BP_DrummerGhost_C_UAID_7486E205E744805402_1893448727 Label:BP_DrummerGhost SpatiallyLoaded:1 Bounds:IsValid=true, Min=(X=1826.000 Y=3570.000 Z=-570.000), Max=(X=1954.000 Y=4570.000 Z=430.000) RuntimeGrid:None EditorOnly:0 RuntimeOnly:0 HLODRelevant:0 ListedInSceneOutliner:1 IsMainWorldOnly:0
 |   |   |- [+] [  2]
 |   |   |   |- Guid:14CA2D7F472AF3D446219E93DF3BE215 BaseClass:/Game/_MyContent/BP_Item.BP_Item_C NativeClass:/Script/Engine.Actor Name:BP_Item_C_UAID_7486E205B57F175002_1167259026 Label:BP_Item SpatiallyLoaded:1 Bounds:IsValid=true, Min=(X=888.167 Y=1118.920 Z=-340.000), Max=(X=1272.475 Y=1441.846 Z=160.000) RuntimeGrid:None EditorOnly:0 RuntimeOnly:0 HLODRelevant:0 ListedInSceneOutliner:1 IsMainWorldOnly:0
 |   |   |- [+] [  3]
 |   |   |   |- Guid:16960F0244ADC3957872F2995165E566 BaseClass: NativeClass:/Script/Engine.StaticMeshActor Name:StaticMeshActor_UAID_7486E205B21CE44D02_1523713940 Label:conductor_merged SpatiallyLoaded:1 Bounds:IsValid=true, Min=(X=710.000 Y=1160.000 Z=-20.000), Max=(X=710.000 Y=1160.000 Z=-20.000) RuntimeGrid:None EditorOnly:0 RuntimeOnly:0 HLODRelevant:0 ListedInSceneOutliner:1 IsMainWorldOnly:0
 |   |   |- [+] [  4]
 |   |   |   |- Guid:1D43885043EDA29D71F815A048375765 BaseClass:/Game/_MyContent/BP_DoorLock.BP_DoorLock_C NativeClass:/Script/Engine.Actor Name:BP_DoorLock_C_UAID_7486E205B57F475202_1541885588 Label:BathroomLock SpatiallyLoaded:1 Bounds:IsValid=true, Min=(X=1067.500 Y=4370.000 Z=-202.500), Max=(X=1192.500 Y=4520.000 Z=222.500) RuntimeGrid:None EditorOnly:0 RuntimeOnly:0 HLODRelevant:0 ListedInSceneOutliner:1 IsMainWorldOnly:0
 |   |   |- [+] [  5]
 |   |   |   |- Guid:2E9273EA4D77FC79E64883A931F85B89 BaseClass: NativeClass:/Script/Engine.PointLight Name:PointLight_UAID_7486E205B57F475202_1461741587 Label:PointLight3 SpatiallyLoaded:1 Bounds:IsValid=true, Min=(X=220.000 Y=910.000 Z=-980.000), Max=(X=2220.000 Y=2910.000 Z=1020.000) RuntimeGrid:None EditorOnly:0 RuntimeOnly:0 HLODRelevant:0 ListedInSceneOutliner:1 IsMainWorldOnly:0
 |   |   |- [+] [  6]
 |   |   |   |- Guid:2FB58999456391D349DC0F86DAC136ED BaseClass: NativeClass:/Script/Engine.SkyLight Name:SkyLight_1 Label:SkyLight SpatiallyLoaded:0 Bounds:IsValid=true, Min=(X=0.000 Y=0.000 Z=690.000), Max=(X=0.000 Y=0.000 Z=690.000) RuntimeGrid:None EditorOnly:0 RuntimeOnly:0 HLODRelevant:0 ListedInSceneOutliner:1 IsMainWorldOnly:0 FolderPath:Lighting FolderGuid:963EC3EB4002CCE9759E2EBA541A873A
 |   |   |- [+] [  7]
 |   |   |   |- Guid:316CF2A6494ACA4C0E4180A87D36AB8F BaseClass: NativeClass:/Script/Engine.ExponentialHeightFog Name:ExponentialHeightFog_0 Label:ExponentialHeightFog SpatiallyLoaded:0 Bounds:IsValid=true, Min=(X=-5600.000 Y=-50.000 Z=-6850.000), Max=(X=-5600.000 Y=-50.000 Z=-6850.000) RuntimeGrid:None EditorOnly:0 RuntimeOnly:0 HLODRelevant:0 ListedInSceneOutliner:1 IsMainWorldOnly:0 FolderPath:Lighting FolderGuid:963EC3EB4002CCE9759E2EBA541A873A
 |   |   |- [+] [  8]
 |   |   |   |- Guid:3A00AA1C422CE54C0BDB60BAF471BFBB BaseClass: NativeClass:/Script/Engine.PlayerStart Name:PlayerStart_0 Label:PlayerStart SpatiallyLoaded:0 Bounds:IsValid=true, Min=(X=370.000 Y=1200.000 Z=-169.987), Max=(X=450.000 Y=1280.000 Z=14.013) RuntimeGrid:None EditorOnly:0 RuntimeOnly:0 HLODRelevant:0 ListedInSceneOutliner:1 IsMainWorldOnly:0
 |   |   |- [+] [  9]
 |   |   |   |- Guid:46AF94054C886E1939D040B68216155F BaseClass: NativeClass:/Script/Engine.PointLight Name:PointLight_UAID_7486E205B57F465202_2035025409 Label:PointLight2 SpatiallyLoaded:1 Bounds:IsValid=true, Min=(X=-390.000 Y=2860.000 Z=-980.000), Max=(X=1610.000 Y=4860.000 Z=1020.000) RuntimeGrid:None EditorOnly:0 RuntimeOnly:0 HLODRelevant:0 ListedInSceneOutliner:1 IsMainWorldOnly:0
 |   |   |- [+] [ 10]
 |   |   |   |- Guid:475E31734F8E216A43507C875AAB8E92 BaseClass:/Game/_MyContent/BP_Item.BP_Item_C NativeClass:/Script/Engine.Actor Name:BP_Item_C_UAID_7486E205B57F175002_1170887027 Label:drumsticks SpatiallyLoaded:1 Bounds:IsValid=true, Min=(X=898.167 Y=768.920 Z=-400.000), Max=(X=1282.475 Y=1091.846 Z=100.000) RuntimeGrid:None EditorOnly:0 RuntimeOnly:0 HLODRelevant:0 ListedInSceneOutliner:1 IsMainWorldOnly:0
 |   |   |- [+] [ 11]
 |   |   |   |- Guid:4D3BE93F4146AAAC8BBE79999D96D57F BaseClass: NativeClass:/Script/Engine.VolumetricCloud Name:VolumetricCloud_0 Label:VolumetricCloud SpatiallyLoaded:0 Bounds:IsValid=true, Min=(X=0.000 Y=0.000 Z=820.000), Max=(X=0.000 Y=0.000 Z=820.000) RuntimeGrid:None EditorOnly:0 RuntimeOnly:0 HLODRelevant:0 ListedInSceneOutliner:1 IsMainWorldOnly:0 FolderPath:Lighting FolderGuid:963EC3EB4002CCE9759E2EBA541A873A
 |   |   |- [+] [ 12]
 |   |   |   |- Guid:581A7F5045BEAF9F21BCD1BF79FE4EC2 BaseClass:/Game/_MyContent/BP_FTele.BP_FTele_C NativeClass:/Script/Engine.Actor Name:BP_FTele_C_UAID_7486E205B57F495202_1808825943 Label:BP_FTele SpatiallyLoaded:1 Bounds:IsValid=true, Min=(X=582.000 Y=3562.000 Z=-208.000), Max=(X=678.000 Y=3658.000 Z=-112.000) RuntimeGrid:None EditorOnly:0 RuntimeOnly:0 HLODRelevant:0 ListedInSceneOutliner:1 IsMainWorldOnly:0
 |   |   |- [+] [ 13]
 |   |   |   |- Guid:689AAFA644199733FC1FB9A10B305D66 BaseClass:/Game/_MyContent/BP_DoorLock.BP_DoorLock_C NativeClass:/Script/Engine.Actor Name:BP_DoorLock_C_UAID_7486E205B57F475202_1590363589 Label:BedroomLock SpatiallyLoaded:1 Bounds:IsValid=true, Min=(X=670.000 Y=4500.000 Z=-202.500), Max=(X=770.000 Y=4650.000 Z=222.500) RuntimeGrid:None EditorOnly:0 RuntimeOnly:0 HLODRelevant:0 ListedInSceneOutliner:1 IsMainWorldOnly:0
 |   |   |- [+] [ 14]
 |   |   |   |- Guid:6BAF4DDD444C60371492D3919DB42C97 BaseClass: NativeClass:/Script/Engine.WorldDataLayers Name:WorldDataLayers Label:WorldDataLayers SpatiallyLoaded:0 Bounds:Invalid RuntimeGrid:None EditorOnly:0 RuntimeOnly:0 HLODRelevant:0 ListedInSceneOutliner:1 IsMainWorldOnly:1
 |   |   |- [+] [ 15]
 |   |   |   |- Guid:91E5E44340916AAB4CB032BBFD6C8994 BaseClass:/Game/_MyContent/BP_Item.BP_Item_C NativeClass:/Script/Engine.Actor Name:BP_Item_C_UAID_7486E205B57F175002_1201241028 Label:BP_Item3 SpatiallyLoaded:1 Bounds:IsValid=true, Min=(X=943.711 Y=1454.018 Z=-370.000), Max=(X=1436.462 Y=1605.982 Z=130.000) RuntimeGrid:None EditorOnly:0 RuntimeOnly:0 HLODRelevant:0 ListedInSceneOutliner:1 IsMainWorldOnly:0
 |   |   |- [+] [ 16]
 |   |   |   |- Guid:985C97F944143EC537F1BCB552F95DD2 BaseClass: NativeClass:/Script/Engine.StaticMeshActor Name:StaticMeshActor_UAID_7486E205B21CE34D02_1460782761 Label:Mansion_Rooms SpatiallyLoaded:1 Bounds:IsValid=true, Min=(X=-548.261 Y=41.255 Z=-244.750), Max=(X=1961.224 Y=5696.636 Z=290.000) RuntimeGrid:None EditorOnly:0 RuntimeOnly:0 HLODRelevant:1 ListedInSceneOutliner:1 IsMainWorldOnly:0
 |   |   |- [+] [ 17]
 |   |   |   |- Guid:9D6B8C794D07360114BCADAC54BC0EF8 BaseClass: NativeClass:/Script/Engine.StaticMeshActor Name:StaticMeshActor_UAID_7486E205B21CE34D02_1128902759 Label:HH_Mansion_Blockout_Walls SpatiallyLoaded:1 Bounds:IsValid=true, Min=(X=-980.000 Y=3180.000 Z=0.000), Max=(X=-980.000 Y=3180.000 Z=0.000) RuntimeGrid:None EditorOnly:0 RuntimeOnly:0 HLODRelevant:0 ListedInSceneOutliner:1 IsMainWorldOnly:0
 |   |   |- [+] [ 18]
 |   |   |   |- Guid:9E1CB78148A9981B4503279F7F381F2E BaseClass:/Game/_MyContent/BP_Ghost.BP_Ghost_C NativeClass:/Script/Engine.Actor Name:BP_Drummer_C_UAID_7486E205B57F4B5202_1173035296 Label:BP_Ghost SpatiallyLoaded:1 Bounds:IsValid=true, Min=(X=1754.000 Y=3562.500 Z=-427.500), Max=(X=1866.000 Y=4437.500 Z=447.500) RuntimeGrid:None EditorOnly:0 RuntimeOnly:0 HLODRelevant:0 ListedInSceneOutliner:1 IsMainWorldOnly:0
 |   |   |- [+] [ 19]
 |   |   |   |- Guid:B785ED2844B84CFB91E7F39FE661CD99 BaseClass: NativeClass:/Script/Engine.DirectionalLight Name:DirectionalLight_0 Label:DirectionalLight SpatiallyLoaded:0 Bounds:IsValid=true, Min=(X=-4398046511104.000 Y=-4398046511104.000 Z=-4398046511104.000), Max=(X=4398046511104.000 Y=4398046511104.000 Z=4398046511104.000) RuntimeGrid:None EditorOnly:0 RuntimeOnly:0 HLODRelevant:0 ListedInSceneOutliner:1 IsMainWorldOnly:0 FolderPath:Lighting FolderGuid:963EC3EB4002CCE9759E2EBA541A873A
 |   |   |- [+] [ 20]
 |   |   |   |- Guid:CCFF262C46EEFFDF319E7F9539CE697E BaseClass: NativeClass:/Script/Engine.SkyAtmosphere Name:SkyAtmosphere_0 Label:SkyAtmosphere SpatiallyLoaded:0 Bounds:IsValid=true, Min=(X=0.000 Y=0.000 Z=1020.000), Max=(X=0.000 Y=0.000 Z=1020.000) RuntimeGrid:None EditorOnly:0 RuntimeOnly:0 HLODRelevant:0 ListedInSceneOutliner:1 IsMainWorldOnly:0 FolderPath:Lighting FolderGuid:963EC3EB4002CCE9759E2EBA541A873A
 |   |   |- [+] [ 21]
 |   |   |   |- Guid:D862C83E4D0F6F476942979723412CE3 BaseClass:/Game/_MyContent/BP_GTele.BP_GTele_C NativeClass:/Script/Engine.Actor Name:BP_GTele_C_UAID_7486E205B57F485202_1553287766 Label:BP_GTele SpatiallyLoaded:1 Bounds:IsValid=true, Min=(X=1712.000 Y=542.000 Z=-208.000), Max=(X=1808.000 Y=638.000 Z=-112.000) RuntimeGrid:None EditorOnly:0 RuntimeOnly:0 HLODRelevant:0 ListedInSceneOutliner:1 IsMainWorldOnly:0
 |   |   |- [+] [ 22]
 |   |   |   |- Guid:DD26CC7F47CC2F65C995A280D9B51B95 BaseClass: NativeClass:/Script/Engine.StaticMeshActor Name:StaticMeshActor_UAID_7486E205B21CE34D02_1292856760 Label:HH_Mansion_Blockout_Floor SpatiallyLoaded:1 Bounds:IsValid=true, Min=(X=0.000 Y=2210.000 Z=320.000), Max=(X=0.000 Y=2210.000 Z=320.000) RuntimeGrid:None EditorOnly:0 RuntimeOnly:0 HLODRelevant:0 ListedInSceneOutliner:1 IsMainWorldOnly:0
 |   |   |- [+] [ 23]
 |   |   |   |- Guid:DE57356E438AA3B945DEEA87609A64A1 BaseClass:/Game/_MyContent/BP_DoorLock.BP_DoorLock_C NativeClass:/Script/Engine.Actor Name:BP_DoorLock_C_UAID_7486E205B57F1A5002_1312987558 Label:LoungeLock SpatiallyLoaded:1 Bounds:IsValid=true, Min=(X=237.500 Y=920.000 Z=-262.500), Max=(X=362.500 Y=1020.000 Z=162.500) RuntimeGrid:None EditorOnly:0 RuntimeOnly:0 HLODRelevant:0 ListedInSceneOutliner:1 IsMainWorldOnly:0
 |   |   |- [+] [ 24]
 |   |   |   |- Guid:EC4E0C944CE6AC6E784BC6BB2916EA13 BaseClass: NativeClass:/Script/Engine.StaticMeshActor Name:StaticMeshActor_UAID_A4AE111137DC5EFB00_1110535423 Label:SM_SkySphere SpatiallyLoaded:0 Bounds:IsValid=true, Min=(X=-1638400.000 Y=-1638400.000 Z=-1638400.000), Max=(X=1638400.000 Y=1638400.000 Z=1638400.000) RuntimeGrid:None EditorOnly:0 RuntimeOnly:0 HLODRelevant:1 ListedInSceneOutliner:1 IsMainWorldOnly:0 FolderPath:Lighting FolderGuid:963EC3EB4002CCE9759E2EBA541A873A
 |   |   |- [+] [ 25]
 |   |   |   |- Guid:F4F3F5184FA03243BB26EB81C1CDBF83 BaseClass: NativeClass:/Script/Engine.PointLight Name:PointLight_UAID_7486E205B21CE64D02_1502391293 Label:PointLight SpatiallyLoaded:1 Bounds:IsValid=true, Min=(X=-620.000 Y=210.000 Z=-980.000), Max=(X=1380.000 Y=2210.000 Z=1020.000) RuntimeGrid:None EditorOnly:0 RuntimeOnly:0 HLODRelevant:0 ListedInSceneOutliner:1 IsMainWorldOnly:0
 |   |   |- [+] [ 26]
 |   |   |   |- Guid:F5E3FEB3450C49844FD93DA8E083C8AD BaseClass: NativeClass:/Script/Engine.PostProcessVolume Name:PostProcessVolume_0 Label:PostProcessVolume SpatiallyLoaded:0 Bounds:IsValid=true, Min=(X=0.000 Y=0.000 Z=400.000), Max=(X=200.000 Y=200.000 Z=600.000) RuntimeGrid:None EditorOnly:0 RuntimeOnly:0 HLODRelevant:0 ListedInSceneOutliner:1 IsMainWorldOnly:0 FolderPath:Lighting FolderGuid:963EC3EB4002CCE9759E2EBA541A873A
 |- ContainerInstances:
 |- [+] MainContainer:
 |   |-        ID: 00000000000000000000000000000000
 |   |-  ParentID: 00000000000000000000000000000000
 |   |-    Bounds: IsValid=false, Min=(X=0.000 Y=0.000 Z=0.000), Max=(X=0.000 Y=0.000 Z=0.000)
 |   |- Transform: 0.000000,0.000000,0.000000|0.000000,0.000000,-0.000000|1.000000,1.000000,1.000000
 |   |- Container: /Game/ThirdPerson/Maps/ThirdPersonMap
----------------------------------------------------------------------------------------------------------------
ThirdPersonMap - Persistent Level
----------------------------------------------------------------------------------------------------------------
[+] Content of ThirdPersonMap Persistent Level
 |- Always loaded Actor Count: 34 
 |- Actor Path: /Game/ThirdPerson/Maps/ThirdPersonMap.ThirdPersonMap:PersistentLevel.AbstractNavData-Default
 |- Actor Package: /Game/ThirdPerson/Maps/ThirdPersonMap
 |- Actor Path: /Game/ThirdPerson/Maps/ThirdPersonMap.ThirdPersonMap:PersistentLevel.BP_DoorLock_C_UAID_7486E205B57F1A5002_1312987558
 |- Actor Package: /Game/__ExternalActors__/ThirdPerson/Maps/ThirdPersonMap/B/O5/PETXKQF1SNB0U0XS8WEOIC
 |- Actor Path: /Game/ThirdPerson/Maps/ThirdPersonMap.ThirdPersonMap:PersistentLevel.BP_DoorLock_C_UAID_7486E205B57F475202_1433771586
 |- Actor Package: /Game/__ExternalActors__/ThirdPerson/Maps/ThirdPersonMap/E/TR/EI5TWJT78HCMPAH5TP48UU
 |- Actor Path: /Game/ThirdPerson/Maps/ThirdPersonMap.ThirdPersonMap:PersistentLevel.BP_DoorLock_C_UAID_7486E205B57F475202_1541885588
 |- Actor Package: /Game/__ExternalActors__/ThirdPerson/Maps/ThirdPersonMap/2/C3/VCSP6MIHP3YZ94ZQR17PCR
 |- Actor Path: /Game/ThirdPerson/Maps/ThirdPersonMap.ThirdPersonMap:PersistentLevel.BP_DoorLock_C_UAID_7486E205B57F475202_1590363589
 |- Actor Package: /Game/__ExternalActors__/ThirdPerson/Maps/ThirdPersonMap/C/V4/O3BPR37DFJ59YTQYGLW0O0
 |- Actor Path: /Game/ThirdPerson/Maps/ThirdPersonMap.ThirdPersonMap:PersistentLevel.BP_Drummer_C_UAID_7486E205B57F4B5202_1173035296
 |- Actor Package: /Game/__ExternalActors__/ThirdPerson/Maps/ThirdPersonMap/4/A6/6LM0E7W1DOBY56M8TL2IS8
 |- Actor Path: /Game/ThirdPerson/Maps/ThirdPersonMap.ThirdPersonMap:PersistentLevel.BP_DrummerGhost_C_UAID_7486E205E744805402_1893448727
 |- Actor Package: /Game/__ExternalActors__/ThirdPerson/Maps/ThirdPersonMap/C/DF/O69RM2UJXBAHX7IIKNY4OQ
 |- Actor Path: /Game/ThirdPerson/Maps/ThirdPersonMap.ThirdPersonMap:PersistentLevel.BP_FTele_C_UAID_7486E205B57F495202_1808825943
 |- Actor Package: /Game/__ExternalActors__/ThirdPerson/Maps/ThirdPersonMap/2/BP/YUNFKU8H6Q826SQH0ZXKA6
 |- Actor Path: /Game/ThirdPerson/Maps/ThirdPersonMap.ThirdPersonMap:PersistentLevel.BP_GTele_C_UAID_7486E205B57F485202_1553287766
 |- Actor Package: /Game/__ExternalActors__/ThirdPerson/Maps/ThirdPersonMap/C/KX/9U2PJIKU5VAG7LQH8VPG1Y
 |- Actor Path: /Game/ThirdPerson/Maps/ThirdPersonMap.ThirdPersonMap:PersistentLevel.BP_Item_C_UAID_7486E205B57F175002_1167259026
 |- Actor Package: /Game/__ExternalActors__/ThirdPerson/Maps/ThirdPersonMap/7/M5/H65NRS1P3M8CARAR9Y9Z8F
 |- Actor Path: /Game/ThirdPerson/Maps/ThirdPersonMap.ThirdPersonMap:PersistentLevel.BP_Item_C_UAID_7486E205B57F175002_1170887027
 |- Actor Package: /Game/__ExternalActors__/ThirdPerson/Maps/ThirdPersonMap/2/E4/3PB594BQD976X88UQ5OCT9
 |- Actor Path: /Game/ThirdPerson/Maps/ThirdPersonMap.ThirdPersonMap:PersistentLevel.BP_Item_C_UAID_7486E205B57F175002_1201241028
 |- Actor Package: /Game/__ExternalActors__/ThirdPerson/Maps/ThirdPersonMap/B/J4/YGSFZXWMJKBW83EIJ67TJC
 |- Actor Path: /Game/ThirdPerson/Maps/ThirdPersonMap.ThirdPersonMap:PersistentLevel.Brush_0
 |- Actor Package: /Game/ThirdPerson/Maps/ThirdPersonMap
 |- Actor Path: /Game/ThirdPerson/Maps/ThirdPersonMap.ThirdPersonMap:PersistentLevel.DefaultPhysicsVolume_0
 |- Actor Package: /Game/ThirdPerson/Maps/ThirdPersonMap
 |- Actor Path: /Game/ThirdPerson/Maps/ThirdPersonMap.ThirdPersonMap:PersistentLevel.DirectionalLight_0
 |- Actor Package: /Game/__ExternalActors__/ThirdPerson/Maps/ThirdPersonMap/5/R1/TS5OQ5CRUWFZYL1ZQ7I416
 |- Actor Path: /Game/ThirdPerson/Maps/ThirdPersonMap.ThirdPersonMap:PersistentLevel.ExponentialHeightFog_0
 |- Actor Package: /Game/__ExternalActors__/ThirdPerson/Maps/ThirdPersonMap/6/J7/N10XDC9G27EMLS5AGZ6AVV
 |- Actor Path: /Game/ThirdPerson/Maps/ThirdPersonMap.ThirdPersonMap:PersistentLevel.GameplayDebuggerPlayerManager_0
 |- Actor Package: /Game/ThirdPerson/Maps/ThirdPersonMap
 |- Actor Path: /Game/ThirdPerson/Maps/ThirdPersonMap.ThirdPersonMap:PersistentLevel.PlayerStart_0
 |- Actor Package: /Game/__ExternalActors__/ThirdPerson/Maps/ThirdPersonMap/D/DE/SWSI13675DVYIZ0N4NF7Y3
 |- Actor Path: /Game/ThirdPerson/Maps/ThirdPersonMap.ThirdPersonMap:PersistentLevel.PointLight_UAID_7486E205B21CE64D02_1502391293
 |- Actor Package: /Game/__ExternalActors__/ThirdPerson/Maps/ThirdPersonMap/3/2A/DN14JUEHMC9AWI06BYT8VJ
 |- Actor Path: /Game/ThirdPerson/Maps/ThirdPersonMap.ThirdPersonMap:PersistentLevel.PointLight_UAID_7486E205B57F465202_2035025409
 |- Actor Package: /Game/__ExternalActors__/ThirdPerson/Maps/ThirdPersonMap/B/QZ/XWY8TQF63RQQQC8JRP7ASJ
 |- Actor Path: /Game/ThirdPerson/Maps/ThirdPersonMap.ThirdPersonMap:PersistentLevel.PointLight_UAID_7486E205B57F475202_1461741587
 |- Actor Package: /Game/__ExternalActors__/ThirdPerson/Maps/ThirdPersonMap/2/5Y/GBTI5Y5GZ3ZJZBRV3ZGFH8
 |- Actor Path: /Game/ThirdPerson/Maps/ThirdPersonMap.ThirdPersonMap:PersistentLevel.PostProcessVolume_0
 |- Actor Package: /Game/__ExternalActors__/ThirdPerson/Maps/ThirdPersonMap/1/AZ/A7GPT109Y6ZTTJD4A7TXER
 |- Actor Path: /Game/ThirdPerson/Maps/ThirdPersonMap.ThirdPersonMap:PersistentLevel.SkyAtmosphere_0
 |- Actor Package: /Game/__ExternalActors__/ThirdPerson/Maps/ThirdPersonMap/4/LN/30UBDLYFFA5ZR7U4W4L4GG
 |- Actor Path: /Game/ThirdPerson/Maps/ThirdPersonMap.ThirdPersonMap:PersistentLevel.SkyLight_1
 |- Actor Package: /Game/__ExternalActors__/ThirdPerson/Maps/ThirdPersonMap/8/S1/DXUWD12MD3HRWVVXX076BY
 |- Actor Path: /Game/ThirdPerson/Maps/ThirdPersonMap.ThirdPersonMap:PersistentLevel.StaticMeshActor_UAID_7486E205B21CE34D02_1128902759
 |- Actor Package: /Game/__ExternalActors__/ThirdPerson/Maps/ThirdPersonMap/1/HQ/KEX1MK1O4V63WLN7V92Q8O
 |- Actor Path: /Game/ThirdPerson/Maps/ThirdPersonMap.ThirdPersonMap:PersistentLevel.StaticMeshActor_UAID_7486E205B21CE34D02_1292856760
 |- Actor Package: /Game/__ExternalActors__/ThirdPerson/Maps/ThirdPersonMap/5/TC/TGOWZ9RS49VI4085YGLRHI
 |- Actor Path: /Game/ThirdPerson/Maps/ThirdPersonMap.ThirdPersonMap:PersistentLevel.StaticMeshActor_UAID_7486E205B21CE34D02_1460782761
 |- Actor Package: /Game/__ExternalActors__/ThirdPerson/Maps/ThirdPersonMap/0/VZ/LUAGDL0CY27JSX9XO2LW2R
 |- Actor Path: /Game/ThirdPerson/Maps/ThirdPersonMap.ThirdPersonMap:PersistentLevel.StaticMeshActor_UAID_7486E205B21CE44D02_1523713940
 |- Actor Package: /Game/__ExternalActors__/ThirdPerson/Maps/ThirdPersonMap/4/K1/N4SEI44DFKFSL1KUN4GC91
 |- Actor Path: /Game/ThirdPerson/Maps/ThirdPersonMap.ThirdPersonMap:PersistentLevel.StaticMeshActor_UAID_A4AE111137DC5EFB00_1110535423
 |- Actor Package: /Game/__ExternalActors__/ThirdPerson/Maps/ThirdPersonMap/4/PN/2QISIGK5DJNQ05US8O8FXW
 |- Actor Path: /Game/ThirdPerson/Maps/ThirdPersonMap.ThirdPersonMap:PersistentLevel.ThirdPersonMap_C_0
 |- Actor Package: /Game/ThirdPerson/Maps/ThirdPersonMap
 |- Actor Path: /Game/ThirdPerson/Maps/ThirdPersonMap.ThirdPersonMap:PersistentLevel.VolumetricCloud_0
 |- Actor Package: /Game/__ExternalActors__/ThirdPerson/Maps/ThirdPersonMap/3/EY/87SHEJN5UBEAN2K5OV1G6R
 |- Actor Path: /Game/ThirdPerson/Maps/ThirdPersonMap.ThirdPersonMap:PersistentLevel.WorldDataLayers
 |- Actor Package: /Game/__ExternalActors__/ThirdPerson/Maps/ThirdPersonMap/0/43/HYQWORMY4JDQ5X3OKZXFLC
 |- Actor Path: /Game/ThirdPerson/Maps/ThirdPersonMap.ThirdPersonMap:PersistentLevel.WorldInfo_0
 |- Actor Package: /Game/ThirdPerson/Maps/ThirdPersonMap
 |- Actor Path: /Game/ThirdPerson/Maps/ThirdPersonMap.ThirdPersonMap:PersistentLevel.WorldPartitionMiniMap_0
 |- Actor Package: /Game/__ExternalActors__/ThirdPerson/Maps/ThirdPersonMap/E/FR/LBG6LPN5JCL3FMVSI2CK6R

----------------------------------------------------------------------------------------------------------------
ThirdPersonMap - Runtime Spatial Hash - Streaming Grid - MainGrid
----------------------------------------------------------------------------------------------------------------
            Origin: X=0.000 Y=0.000 Z=0.000
         Cell Size: 12800
      World Bounds: IsValid=false, Min=(X=0.000 Y=0.000 Z=0.000), Max=(X=0.000 Y=0.000 Z=0.000)
     Loading Range: 25600.00
Block Slow Loading: No
 ClientOnlyVisible: No
            Origin: X=0.000 Y=0.000 Z=0.000

[+] Grid Levels: 1
 |- Level  0: Cell Count    0 | Cell Size   12800 | Actor Count    0 (0.0%)

[+] Content of Grid Level 0

