[+] Containers:
 |- [+] Container: /Game/ThirdPerson/Maps/ThirdPersonMap
 |   |- [+] ActorDescs:
 |   |   |- Guid:09762EC44A0F154FEFDAD9840B608B8B BaseClass:/Game/_MyContent/BP_DoorLock.BP_DoorLock_C NativeClass:/Script/Engine.Actor Name:BP_DoorLock_C_UAID_7486E205B57F475202_1433771586 Label:KitchenLock SpatiallyLoaded:1 Bounds:IsValid=true, Min=(X=100.992 Y=2217.174 Z=-425.368), Max=(X=224.928 Y=2415.942 Z=594.267) RuntimeGrid:None EditorOnly:0 RuntimeOnly:0 HLODRelevant:0 ListedInSceneOutliner:1 IsMainWorldOnly:0
 |   |   |- Guid:1063230943D4316085114CABB3F58D7A BaseClass:/Game/_MyContent/BP_DrummerGhost.BP_DrummerGhost_C NativeClass:/Script/Engine.Actor Name:BP_DrummerGhost_C_UAID_7486E205E744805402_1893448727 Label:BP_DrummerGhost SpatiallyLoaded:1 Bounds:IsValid=true, Min=(X=1692.461 Y=5070.508 Z=-683.708), Max=(X=1903.363 Y=6707.011 Z=952.794) RuntimeGrid:None EditorOnly:0 RuntimeOnly:0 HLODRelevant:0 ListedInSceneOutliner:1 IsMainWorldOnly:0
 |   |   |- Guid:1376F7884DF427B4BD75DEB51E8BA6D5 BaseClass: NativeClass:/Script/Engine.StaticMeshActor Name:StaticMeshActor_UAID_7486E205B57FAE5602_1613689935 Label:curtain_side2 SpatiallyLoaded:1 Bounds:IsValid=true, Min=(X=1846.284 Y=613.759 Z=-181.809), Max=(X=1985.142 Y=1219.835 Z=509.176) RuntimeGrid:None EditorOnly:0 RuntimeOnly:0 HLODRelevant:1 ListedInSceneOutliner:1 IsMainWorldOnly:0
 |   |   |- Guid:16960F0244ADC3957872F2995165E566 BaseClass: NativeClass:/Script/Engine.StaticMeshActor Name:StaticMeshActor_UAID_7486E205B21CE44D02_1523713940 Label:conductor_merged SpatiallyLoaded:1 Bounds:IsValid=true, Min=(X=710.000 Y=1160.000 Z=-20.000), Max=(X=710.000 Y=1160.000 Z=-20.000) RuntimeGrid:None EditorOnly:0 RuntimeOnly:0 HLODRelevant:0 ListedInSceneOutliner:1 IsMainWorldOnly:0
 |   |   |- Guid:17A6F4124725F1DEDA3B75BEFB38AAD6 BaseClass:/Game/_MyContent/BP_WallLight.BP_WallLight_C NativeClass:/Script/Engine.Actor Name:BP_WallLight_C_UAID_7486E205B57FE35802_1430928394 Label:BP_WallLight6 SpatiallyLoaded:1 Bounds:IsValid=true, Min=(X=-349.070 Y=5312.356 Z=35.024), Max=(X=-253.134 Y=5474.490 Z=291.167) RuntimeGrid:None EditorOnly:0 RuntimeOnly:0 HLODRelevant:0 ListedInSceneOutliner:1 IsMainWorldOnly:0
 |   |   |- Guid:1D43885043EDA29D71F815A048375765 BaseClass:/Game/_MyContent/BP_DoorLock.BP_DoorLock_C NativeClass:/Script/Engine.Actor Name:BP_DoorLock_C_UAID_7486E205B57F475202_1541885588 Label:BathroomLock SpatiallyLoaded:1 Bounds:IsValid=true, Min=(X=1067.500 Y=6195.075 Z=-202.500), Max=(X=1192.500 Y=6345.075 Z=222.500) RuntimeGrid:None EditorOnly:0 RuntimeOnly:0 HLODRelevant:0 ListedInSceneOutliner:1 IsMainWorldOnly:0
 |   |   |- Guid:27B3833E4909149C285DBBA3358BE40F BaseClass: NativeClass:/Script/Engine.SpotLight Name:SpotLight_UAID_7486E205B57FE35802_1165141389 Label:SpotLight3 SpatiallyLoaded:1 Bounds:IsValid=true, Min=(X=1184.558 Y=928.009 Z=-618.584), Max=(X=2294.080 Y=2037.531 Z=490.939) RuntimeGrid:None EditorOnly:0 RuntimeOnly:0 HLODRelevant:0 ListedInSceneOutliner:1 IsMainWorldOnly:0
 |   |   |- Guid:2AF50FB74711B01FD6DCD1989D67260C BaseClass: NativeClass:/Script/Engine.StaticMeshActor Name:StaticMeshActor_UAID_7486E205B57FB85602_1895400707 Label:drummer_cutscene SpatiallyLoaded:1 Bounds:IsValid=true, Min=(X=1602.834 Y=1434.491 Z=-35.286), Max=(X=1771.095 Y=1606.663 Z=170.348) RuntimeGrid:None EditorOnly:0 RuntimeOnly:0 HLODRelevant:1 ListedInSceneOutliner:1 IsMainWorldOnly:0
 |   |   |- Guid:2FB58999456391D349DC0F86DAC136ED BaseClass: NativeClass:/Script/Engine.SkyLight Name:SkyLight_1 Label:SkyLight SpatiallyLoaded:0 Bounds:IsValid=true, Min=(X=0.000 Y=0.000 Z=690.000), Max=(X=0.000 Y=0.000 Z=690.000) RuntimeGrid:None EditorOnly:0 RuntimeOnly:0 HLODRelevant:0 ListedInSceneOutliner:1 IsMainWorldOnly:0 FolderPath:Lighting FolderGuid:963EC3EB4002CCE9759E2EBA541A873A
 |   |   |- Guid:316CF2A6494ACA4C0E4180A87D36AB8F BaseClass: NativeClass:/Script/Engine.ExponentialHeightFog Name:ExponentialHeightFog_0 Label:ExponentialHeightFog SpatiallyLoaded:0 Bounds:IsValid=true, Min=(X=-5600.000 Y=-50.000 Z=-6850.000), Max=(X=-5600.000 Y=-50.000 Z=-6850.000) RuntimeGrid:None EditorOnly:0 RuntimeOnly:0 HLODRelevant:0 ListedInSceneOutliner:1 IsMainWorldOnly:0 FolderPath:Lighting FolderGuid:963EC3EB4002CCE9759E2EBA541A873A
 |   |   |- Guid:32DA6EBD4BB5BE78AFFE6E99ED3A1B6F BaseClass: NativeClass:/Script/Engine.StaticMeshActor Name:StaticMeshActor_UAID_7486E205B57FE55802_1832101751 Label:bed SpatiallyLoaded:1 Bounds:IsValid=true, Min=(X=-797.077 Y=7388.466 Z=-243.923), Max=(X=-164.514 Y=8255.637 Z=-60.777) RuntimeGrid:None EditorOnly:0 RuntimeOnly:0 HLODRelevant:1 ListedInSceneOutliner:1 IsMainWorldOnly:0
 |   |   |- Guid:3A00AA1C422CE54C0BDB60BAF471BFBB BaseClass: NativeClass:/Script/Engine.PlayerStart Name:PlayerStart_0 Label:PlayerStart SpatiallyLoaded:0 Bounds:IsValid=true, Min=(X=-1393.628 Y=1138.213 Z=-169.987), Max=(X=-1313.628 Y=1218.213 Z=14.013) RuntimeGrid:None EditorOnly:0 RuntimeOnly:0 HLODRelevant:0 ListedInSceneOutliner:1 IsMainWorldOnly:0
 |   |   |- Guid:473EBE434BBAD6EA2D77CC9BE595F8FB BaseClass: NativeClass:/Script/Engine.ExponentialHeightFog Name:ExponentialHeightFog_UAID_7486E205B57FAE5602_1964047936 Label:ExponentialHeightFog2 SpatiallyLoaded:0 Bounds:IsValid=true, Min=(X=945.099 Y=739.100 Z=139.143), Max=(X=945.099 Y=739.100 Z=139.143) RuntimeGrid:None EditorOnly:0 RuntimeOnly:0 HLODRelevant:0 ListedInSceneOutliner:1 IsMainWorldOnly:0
 |   |   |- Guid:475E31734F8E216A43507C875AAB8E92 BaseClass:/Game/_MyContent/BP_Item.BP_Item_C NativeClass:/Script/Engine.Actor Name:BP_Item_C_UAID_7486E205B57F175002_1170887027 Label:drumsticks SpatiallyLoaded:1 Bounds:IsValid=true, Min=(X=898.167 Y=768.920 Z=-400.000), Max=(X=1282.475 Y=1091.846 Z=100.000) RuntimeGrid:None EditorOnly:0 RuntimeOnly:0 HLODRelevant:0 ListedInSceneOutliner:1 IsMainWorldOnly:0
 |   |   |- Guid:49C80B2D42013A1C580C6980CD44AE56 BaseClass: NativeClass:/Script/Engine.SpotLight Name:SpotLight_UAID_7486E205B57FE25802_1074922205 Label:SpotLight2 SpatiallyLoaded:1 Bounds:IsValid=true, Min=(X=1172.006 Y=573.920 Z=-618.584), Max=(X=2281.528 Y=1683.442 Z=490.939) RuntimeGrid:None EditorOnly:0 RuntimeOnly:0 HLODRelevant:0 ListedInSceneOutliner:1 IsMainWorldOnly:0
 |   |   |- Guid:4BE2FB5F4A26A8F61062AEB49E1776C7 BaseClass:/Game/_MyContent/BP_WallLight.BP_WallLight_C NativeClass:/Script/Engine.Actor Name:BP_WallLight_C_UAID_7486E205B57FE35802_1317145392 Label:BP_WallLight4 SpatiallyLoaded:1 Bounds:IsValid=true, Min=(X=632.412 Y=2617.731 Z=35.024), Max=(X=728.349 Y=2779.865 Z=291.167) RuntimeGrid:None EditorOnly:0 RuntimeOnly:0 HLODRelevant:0 ListedInSceneOutliner:1 IsMainWorldOnly:0
 |   |   |- Guid:4D3BE93F4146AAAC8BBE79999D96D57F BaseClass: NativeClass:/Script/Engine.VolumetricCloud Name:VolumetricCloud_0 Label:VolumetricCloud SpatiallyLoaded:0 Bounds:IsValid=true, Min=(X=0.000 Y=0.000 Z=820.000), Max=(X=0.000 Y=0.000 Z=820.000) RuntimeGrid:None EditorOnly:0 RuntimeOnly:0 HLODRelevant:0 ListedInSceneOutliner:1 IsMainWorldOnly:0 FolderPath:Lighting FolderGuid:963EC3EB4002CCE9759E2EBA541A873A
 |   |   |- Guid:581A7F5045BEAF9F21BCD1BF79FE4EC2 BaseClass:/Game/_MyContent/BP_FTele.BP_FTele_C NativeClass:/Script/Engine.Actor Name:BP_FTele_C_UAID_7486E205B57F495202_1808825943 Label:BP_FTele SpatiallyLoaded:1 Bounds:IsValid=true, Min=(X=-91.650 Y=5023.528 Z=-234.923), Max=(X=4.350 Y=5119.528 Z=-138.923) RuntimeGrid:None EditorOnly:0 RuntimeOnly:0 HLODRelevant:0 ListedInSceneOutliner:1 IsMainWorldOnly:0
 |   |   |- Guid:598BA21242D0610975F1BE837E216B18 BaseClass: NativeClass:/Script/CinematicCamera.CineCameraActor Name:CineCameraActor_UAID_7486E205B57FB75602_2053135530 Label:CineCameraActor SpatiallyLoaded:0 Bounds:IsValid=true, Min=(X=786.003 Y=1311.350 Z=55.557), Max=(X=786.003 Y=1311.350 Z=55.557) RuntimeGrid:None EditorOnly:0 RuntimeOnly:0 HLODRelevant:0 ListedInSceneOutliner:1 IsMainWorldOnly:0
 |   |   |- Guid:63BD0EF946F507652F9C5B84CD971379 BaseClass: NativeClass:/Script/Engine.StaticMeshActor Name:StaticMeshActor_UAID_7486E205B57FE65802_1440356928 Label:stairs SpatiallyLoaded:1 Bounds:IsValid=true, Min=(X=1809.447 Y=2297.966 Z=-240.187), Max=(X=2009.447 Y=2497.966 Z=-40.187) RuntimeGrid:None EditorOnly:0 RuntimeOnly:0 HLODRelevant:0 ListedInSceneOutliner:1 IsMainWorldOnly:0
 |   |   |- Guid:650F6093476D97D5508F8EB8E5114F84 BaseClass:/Game/_MyContent/BP_Item.BP_Item_C NativeClass:/Script/Engine.Actor Name:BP_Item_C_UAID_7486E205B57FB15602_2100471468 Label:pick SpatiallyLoaded:1 Bounds:IsValid=true, Min=(X=1023.677 Y=1286.974 Z=-432.997), Max=(X=1494.208 Y=1482.397 Z=67.003) RuntimeGrid:None EditorOnly:0 RuntimeOnly:0 HLODRelevant:0 ListedInSceneOutliner:1 IsMainWorldOnly:0
 |   |   |- Guid:652E232E492981A1C058F3A164436CAE BaseClass: NativeClass:/Script/Engine.StaticMeshActor Name:StaticMeshActor_UAID_7486E205B57FE75802_1672190109 Label:stairs2 SpatiallyLoaded:1 Bounds:IsValid=true, Min=(X=1811.445 Y=2495.048 Z=-42.325), Max=(X=2011.445 Y=2695.048 Z=157.675) RuntimeGrid:None EditorOnly:0 RuntimeOnly:0 HLODRelevant:0 ListedInSceneOutliner:1 IsMainWorldOnly:0
 |   |   |- Guid:689AAFA644199733FC1FB9A10B305D66 BaseClass:/Game/_MyContent/BP_DoorLock.BP_DoorLock_C NativeClass:/Script/Engine.Actor Name:BP_DoorLock_C_UAID_7486E205B57F475202_1590363589 Label:BedroomLock SpatiallyLoaded:1 Bounds:IsValid=true, Min=(X=45.331 Y=6488.190 Z=-438.068), Max=(X=195.282 Y=6577.392 Z=581.567) RuntimeGrid:None EditorOnly:0 RuntimeOnly:0 HLODRelevant:0 ListedInSceneOutliner:1 IsMainWorldOnly:0
 |   |   |- Guid:6BAF4DDD444C60371492D3919DB42C97 BaseClass: NativeClass:/Script/Engine.WorldDataLayers Name:WorldDataLayers Label:WorldDataLayers SpatiallyLoaded:0 Bounds:Invalid RuntimeGrid:None EditorOnly:0 RuntimeOnly:0 HLODRelevant:0 ListedInSceneOutliner:1 IsMainWorldOnly:1
 |   |   |- Guid:6D78313148D10FFB28CD49A8A61FEBF1 BaseClass: NativeClass:/Script/Engine.StaticMeshActor Name:StaticMeshActor_UAID_7486E205B57FAC5602_1908086591 Label:curtain_side SpatiallyLoaded:1 Bounds:IsValid=true, Min=(X=1845.566 Y=1350.410 Z=-185.464), Max=(X=1986.278 Y=2024.490 Z=512.989) RuntimeGrid:None EditorOnly:0 RuntimeOnly:0 HLODRelevant:1 ListedInSceneOutliner:1 IsMainWorldOnly:0
 |   |   |- Guid:71ECA4C440E6147706318DBFAF27E7A7 BaseClass: NativeClass:/Script/Engine.StaticMeshActor Name:StaticMeshActor_UAID_7486E205E744815402_1331066904 Label:Cube SpatiallyLoaded:1 Bounds:IsValid=true, Min=(X=1454.756 Y=904.756 Z=-227.744), Max=(X=1945.244 Y=1695.244 Z=-112.256) RuntimeGrid:None EditorOnly:0 RuntimeOnly:0 HLODRelevant:1 ListedInSceneOutliner:1 IsMainWorldOnly:0
 |   |   |- Guid:8936C02C40CC5BA1041080B53D201D0F BaseClass:/Game/_MyContent/BP_PianistGhost.BP_PianistGhost_C NativeClass:/Script/Engine.Actor Name:BP_PianistGhost_C_UAID_7486E205B57FB15602_1918077467 Label:BP_PianistGhost SpatiallyLoaded:1 Bounds:IsValid=true, Min=(X=-562.691 Y=8058.955 Z=-580.032), Max=(X=903.499 Y=8246.628 Z=886.158) RuntimeGrid:None EditorOnly:0 RuntimeOnly:0 HLODRelevant:0 ListedInSceneOutliner:1 IsMainWorldOnly:0
 |   |   |- Guid:8A2BCE6944C4F53F875F09A1041C74EF BaseClass:/Game/_MyContent/BP_WallLight.BP_WallLight_C NativeClass:/Script/Engine.Actor Name:BP_WallLight_C_UAID_7486E205B57FE35802_1443128396 Label:BP_WallLight8 SpatiallyLoaded:1 Bounds:IsValid=true, Min=(X=-349.070 Y=6334.116 Z=35.024), Max=(X=-253.134 Y=6496.250 Z=291.167) RuntimeGrid:None EditorOnly:0 RuntimeOnly:0 HLODRelevant:0 ListedInSceneOutliner:1 IsMainWorldOnly:0
 |   |   |- Guid:8AFAC8ED4FC6CD8FB91105AEDD207199 BaseClass:/Game/_MyContent/BP_GuitaristGhost.BP_GuitaristGhost_C NativeClass:/Script/Engine.Actor Name:BP_GuitaristGhost_C_UAID_7486E205B57FB15602_1397660465 Label:BP_GuitaristGhost SpatiallyLoaded:1 Bounds:IsValid=true, Min=(X=-1403.789 Y=-611.875 Z=-566.189), Max=(X=-145.374 Y=-450.798 Z=692.226) RuntimeGrid:None EditorOnly:0 RuntimeOnly:0 HLODRelevant:0 ListedInSceneOutliner:1 IsMainWorldOnly:0
 |   |   |- Guid:985C97F944143EC537F1BCB552F95DD2 BaseClass: NativeClass:/Script/Engine.StaticMeshActor Name:StaticMeshActor_UAID_7486E205B21CE34D02_1460782761 Label:Mansion_Rooms SpatiallyLoaded:1 Bounds:IsValid=true, Min=(X=-1941.019 Y=-738.516 Z=-291.057), Max=(X=2123.047 Y=8420.274 Z=574.962) RuntimeGrid:None EditorOnly:0 RuntimeOnly:0 HLODRelevant:1 ListedInSceneOutliner:1 IsMainWorldOnly:0
 |   |   |- Guid:9A1322614D204BE65188359A1785B239 BaseClass:/Game/_MyContent/BP_Item.BP_Item_C NativeClass:/Script/Engine.Actor Name:BP_Item_C_UAID_7486E205B57FB25602_1081859646 Label:key SpatiallyLoaded:1 Bounds:IsValid=true, Min=(X=719.492 Y=2172.531 Z=-431.232), Max=(X=889.686 Y=2672.531 Z=68.768) RuntimeGrid:None EditorOnly:0 RuntimeOnly:0 HLODRelevant:0 ListedInSceneOutliner:1 IsMainWorldOnly:0
 |   |   |- Guid:9C921CEC4C5389566C5959A2BFB3CAF4 BaseClass:/Game/_MyContent/BP_SingerGhost.BP_SingerGhost_C NativeClass:/Script/Engine.Actor Name:BP_SingerGhost_C_UAID_7486E205B57FB15602_1894111466 Label:BP_SingerGhost SpatiallyLoaded:1 Bounds:IsValid=true, Min=(X=-1297.369 Y=1992.736 Z=-645.465), Max=(X=-1109.629 Y=3459.457 Z=821.256) RuntimeGrid:None EditorOnly:0 RuntimeOnly:0 HLODRelevant:0 ListedInSceneOutliner:1 IsMainWorldOnly:0
 |   |   |- Guid:9D6B8C794D07360114BCADAC54BC0EF8 BaseClass: NativeClass:/Script/Engine.StaticMeshActor Name:StaticMeshActor_UAID_7486E205B21CE34D02_1128902759 Label:HH_Mansion_Blockout_Walls SpatiallyLoaded:1 Bounds:IsValid=true, Min=(X=-980.000 Y=3180.000 Z=0.000), Max=(X=-980.000 Y=3180.000 Z=0.000) RuntimeGrid:None EditorOnly:0 RuntimeOnly:0 HLODRelevant:0 ListedInSceneOutliner:1 IsMainWorldOnly:0
 |   |   |- Guid:9E873A174A3CFBA689E8E5A91B309155 BaseClass:/Game/_MyContent/BP_WallLight.BP_WallLight_C NativeClass:/Script/Engine.Actor Name:BP_WallLight_C_UAID_7486E205B57FE35802_1443125395 Label:BP_WallLight7 SpatiallyLoaded:1 Bounds:IsValid=true, Min=(X=265.828 Y=6334.116 Z=35.024), Max=(X=361.765 Y=6496.250 Z=291.167) RuntimeGrid:None EditorOnly:0 RuntimeOnly:0 HLODRelevant:0 ListedInSceneOutliner:1 IsMainWorldOnly:0
 |   |   |- Guid:AEBB87B5439AECEE4E0C31B925FB4879 BaseClass: NativeClass:/Script/Engine.StaticMeshActor Name:StaticMeshActor_UAID_7486E205B57FB25602_1720170647 Label:curtain_straight SpatiallyLoaded:1 Bounds:IsValid=true, Min=(X=-197.275 Y=8273.192 Z=-203.491), Max=(X=614.677 Y=8330.599 Z=302.094) RuntimeGrid:None EditorOnly:0 RuntimeOnly:0 HLODRelevant:1 ListedInSceneOutliner:1 IsMainWorldOnly:0
 |   |   |- Guid:B40BAD7C4BC90290AA192B9535E8B06A BaseClass:/Game/_MyContent/BP_WallLight.BP_WallLight_C NativeClass:/Script/Engine.Actor Name:BP_WallLight_C_UAID_7486E205B57FE25802_2045640211 Label:BP_WallLight2 SpatiallyLoaded:1 Bounds:IsValid=true, Min=(X=-151.524 Y=1299.660 Z=35.024), Max=(X=-55.587 Y=1461.794 Z=291.167) RuntimeGrid:None EditorOnly:0 RuntimeOnly:0 HLODRelevant:0 ListedInSceneOutliner:1 IsMainWorldOnly:0
 |   |   |- Guid:B785ED2844B84CFB91E7F39FE661CD99 BaseClass: NativeClass:/Script/Engine.DirectionalLight Name:DirectionalLight_0 Label:DirectionalLight SpatiallyLoaded:0 Bounds:IsValid=true, Min=(X=-4398046511104.000 Y=-4398046511104.000 Z=-4398046511104.000), Max=(X=4398046511104.000 Y=4398046511104.000 Z=4398046511104.000) RuntimeGrid:None EditorOnly:0 RuntimeOnly:0 HLODRelevant:0 ListedInSceneOutliner:1 IsMainWorldOnly:0 FolderPath:Lighting FolderGuid:963EC3EB4002CCE9759E2EBA541A873A
 |   |   |- Guid:C56B5A28430080E9EB23A49DFC91137B BaseClass:/Game/_MyContent/BP_WallLight.BP_WallLight_C NativeClass:/Script/Engine.Actor Name:BP_WallLight_C_UAID_7486E205B57FE25802_1644315210 Label:BP_WallLight SpatiallyLoaded:1 Bounds:IsValid=true, Min=(X=-151.524 Y=832.643 Z=35.024), Max=(X=-55.587 Y=994.776 Z=291.167) RuntimeGrid:None EditorOnly:0 RuntimeOnly:0 HLODRelevant:0 ListedInSceneOutliner:1 IsMainWorldOnly:0
 |   |   |- Guid:CA33C4154E4B0E5C282B88808466BC0C BaseClass:/Game/_MyContent/BP_Item.BP_Item_C NativeClass:/Script/Engine.Actor Name:BP_Item_C_UAID_7486E205B57FB15602_2124323469 Label:bowtie SpatiallyLoaded:1 Bounds:IsValid=true, Min=(X=1140.479 Y=1593.078 Z=-386.956), Max=(X=1310.673 Y=2093.078 Z=113.044) RuntimeGrid:None EditorOnly:0 RuntimeOnly:0 HLODRelevant:0 ListedInSceneOutliner:1 IsMainWorldOnly:0
 |   |   |- Guid:CCFF262C46EEFFDF319E7F9539CE697E BaseClass: NativeClass:/Script/Engine.SkyAtmosphere Name:SkyAtmosphere_0 Label:SkyAtmosphere SpatiallyLoaded:0 Bounds:IsValid=true, Min=(X=0.000 Y=0.000 Z=1020.000), Max=(X=0.000 Y=0.000 Z=1020.000) RuntimeGrid:None EditorOnly:0 RuntimeOnly:0 HLODRelevant:0 ListedInSceneOutliner:1 IsMainWorldOnly:0 FolderPath:Lighting FolderGuid:963EC3EB4002CCE9759E2EBA541A873A
 |   |   |- Guid:CE1409334B65190769D084A716FC1863 BaseClass:/Game/_MyContent/BP_WallLight.BP_WallLight_C NativeClass:/Script/Engine.Actor Name:BP_WallLight_C_UAID_7486E205B57FE35802_1406441393 Label:BP_WallLight5 SpatiallyLoaded:1 Bounds:IsValid=true, Min=(X=265.828 Y=5312.356 Z=35.024), Max=(X=361.765 Y=5474.490 Z=291.167) RuntimeGrid:None EditorOnly:0 RuntimeOnly:0 HLODRelevant:0 ListedInSceneOutliner:1 IsMainWorldOnly:0
 |   |   |- Guid:CF7D8600466072AD6084CCA3E428322E BaseClass: NativeClass:/Script/LevelSequence.LevelSequenceActor Name:LevelSequenceActor_UAID_7486E205B57FB75602_1981804529 Label:DrummerSequence SpatiallyLoaded:0 Bounds:IsValid=true, Min=(X=1696.395 Y=1767.304 Z=250.656), Max=(X=1696.395 Y=1767.304 Z=250.656) RuntimeGrid:None EditorOnly:0 RuntimeOnly:0 HLODRelevant:0 ListedInSceneOutliner:1 IsMainWorldOnly:0
 |   |   |- Guid:D862C83E4D0F6F476942979723412CE3 BaseClass:/Game/_MyContent/BP_GTele.BP_GTele_C NativeClass:/Script/Engine.Actor Name:BP_GTele_C_UAID_7486E205B57F485202_1553287766 Label:BP_GTele SpatiallyLoaded:1 Bounds:IsValid=true, Min=(X=1903.909 Y=2645.515 Z=138.721), Max=(X=1999.909 Y=2741.515 Z=234.721) RuntimeGrid:None EditorOnly:0 RuntimeOnly:0 HLODRelevant:0 ListedInSceneOutliner:1 IsMainWorldOnly:0
 |   |   |- Guid:DD26CC7F47CC2F65C995A280D9B51B95 BaseClass: NativeClass:/Script/Engine.StaticMeshActor Name:StaticMeshActor_UAID_7486E205B21CE34D02_1292856760 Label:HH_Mansion_Blockout_Floor SpatiallyLoaded:1 Bounds:IsValid=true, Min=(X=0.000 Y=2210.000 Z=320.000), Max=(X=0.000 Y=2210.000 Z=320.000) RuntimeGrid:None EditorOnly:0 RuntimeOnly:0 HLODRelevant:0 ListedInSceneOutliner:1 IsMainWorldOnly:0
 |   |   |- Guid:DE57356E438AA3B945DEEA87609A64A1 BaseClass:/Game/_MyContent/BP_DoorLock.BP_DoorLock_C NativeClass:/Script/Engine.Actor Name:BP_DoorLock_C_UAID_7486E205B57F1A5002_1312987558 Label:LoungeLock SpatiallyLoaded:1 Bounds:IsValid=true, Min=(X=-654.471 Y=743.312 Z=-376.113), Max=(X=-492.069 Y=843.312 Z=556.338) RuntimeGrid:None EditorOnly:0 RuntimeOnly:0 HLODRelevant:0 ListedInSceneOutliner:1 IsMainWorldOnly:0
 |   |   |- Guid:EC4E0C944CE6AC6E784BC6BB2916EA13 BaseClass: NativeClass:/Script/Engine.StaticMeshActor Name:StaticMeshActor_UAID_A4AE111137DC5EFB00_1110535423 Label:SM_SkySphere SpatiallyLoaded:0 Bounds:IsValid=true, Min=(X=-1638400.000 Y=-1638400.000 Z=-1638400.000), Max=(X=1638400.000 Y=1638400.000 Z=1638400.000) RuntimeGrid:None EditorOnly:0 RuntimeOnly:0 HLODRelevant:1 ListedInSceneOutliner:1 IsMainWorldOnly:0 FolderPath:Lighting FolderGuid:963EC3EB4002CCE9759E2EBA541A873A
 |   |   |- Guid:EE4D75DC456663F5AB635F96C9A9E5BD BaseClass:/Game/_MyContent/BP_WallLight.BP_WallLight_C NativeClass:/Script/Engine.Actor Name:BP_WallLight_C_UAID_7486E205B57FE35802_1302265391 Label:BP_WallLight3 SpatiallyLoaded:1 Bounds:IsValid=true, Min=(X=1416.259 Y=2617.731 Z=35.024), Max=(X=1512.195 Y=2779.865 Z=291.167) RuntimeGrid:None EditorOnly:0 RuntimeOnly:0 HLODRelevant:0 ListedInSceneOutliner:1 IsMainWorldOnly:0
 |   |   |- Guid:F5E3FEB3450C49844FD93DA8E083C8AD BaseClass: NativeClass:/Script/Engine.PostProcessVolume Name:PostProcessVolume_0 Label:PostProcessVolume SpatiallyLoaded:0 Bounds:IsValid=true, Min=(X=0.000 Y=0.000 Z=400.000), Max=(X=200.000 Y=200.000 Z=600.000) RuntimeGrid:None EditorOnly:0 RuntimeOnly:0 HLODRelevant:0 ListedInSceneOutliner:1 IsMainWorldOnly:0 FolderPath:Lighting FolderGuid:963EC3EB4002CCE9759E2EBA541A873A
 |   |- [+] Clusters:
 |   |   |- [+] [  0]
 |   |   |   |- Guid:09762EC44A0F154FEFDAD9840B608B8B BaseClass:/Game/_MyContent/BP_DoorLock.BP_DoorLock_C NativeClass:/Script/Engine.Actor Name:BP_DoorLock_C_UAID_7486E205B57F475202_1433771586 Label:KitchenLock SpatiallyLoaded:1 Bounds:IsValid=true, Min=(X=100.992 Y=2217.174 Z=-425.368), Max=(X=224.928 Y=2415.942 Z=594.267) RuntimeGrid:None EditorOnly:0 RuntimeOnly:0 HLODRelevant:0 ListedInSceneOutliner:1 IsMainWorldOnly:0
 |   |   |- [+] [  1]
 |   |   |   |- Guid:1063230943D4316085114CABB3F58D7A BaseClass:/Game/_MyContent/BP_DrummerGhost.BP_DrummerGhost_C NativeClass:/Script/Engine.Actor Name:BP_DrummerGhost_C_UAID_7486E205E744805402_1893448727 Label:BP_DrummerGhost SpatiallyLoaded:1 Bounds:IsValid=true, Min=(X=1692.461 Y=5070.508 Z=-683.708), Max=(X=1903.363 Y=6707.011 Z=952.794) RuntimeGrid:None EditorOnly:0 RuntimeOnly:0 HLODRelevant:0 ListedInSceneOutliner:1 IsMainWorldOnly:0
 |   |   |- [+] [  2]
 |   |   |   |- Guid:1376F7884DF427B4BD75DEB51E8BA6D5 BaseClass: NativeClass:/Script/Engine.StaticMeshActor Name:StaticMeshActor_UAID_7486E205B57FAE5602_1613689935 Label:curtain_side2 SpatiallyLoaded:1 Bounds:IsValid=true, Min=(X=1846.284 Y=613.759 Z=-181.809), Max=(X=1985.142 Y=1219.835 Z=509.176) RuntimeGrid:None EditorOnly:0 RuntimeOnly:0 HLODRelevant:1 ListedInSceneOutliner:1 IsMainWorldOnly:0
 |   |   |- [+] [  3]
 |   |   |   |- Guid:16960F0244ADC3957872F2995165E566 BaseClass: NativeClass:/Script/Engine.StaticMeshActor Name:StaticMeshActor_UAID_7486E205B21CE44D02_1523713940 Label:conductor_merged SpatiallyLoaded:1 Bounds:IsValid=true, Min=(X=710.000 Y=1160.000 Z=-20.000), Max=(X=710.000 Y=1160.000 Z=-20.000) RuntimeGrid:None EditorOnly:0 RuntimeOnly:0 HLODRelevant:0 ListedInSceneOutliner:1 IsMainWorldOnly:0
 |   |   |- [+] [  4]
 |   |   |   |- Guid:17A6F4124725F1DEDA3B75BEFB38AAD6 BaseClass:/Game/_MyContent/BP_WallLight.BP_WallLight_C NativeClass:/Script/Engine.Actor Name:BP_WallLight_C_UAID_7486E205B57FE35802_1430928394 Label:BP_WallLight6 SpatiallyLoaded:1 Bounds:IsValid=true, Min=(X=-349.070 Y=5312.356 Z=35.024), Max=(X=-253.134 Y=5474.490 Z=291.167) RuntimeGrid:None EditorOnly:0 RuntimeOnly:0 HLODRelevant:0 ListedInSceneOutliner:1 IsMainWorldOnly:0
 |   |   |- [+] [  5]
 |   |   |   |- Guid:1D43885043EDA29D71F815A048375765 BaseClass:/Game/_MyContent/BP_DoorLock.BP_DoorLock_C NativeClass:/Script/Engine.Actor Name:BP_DoorLock_C_UAID_7486E205B57F475202_1541885588 Label:BathroomLock SpatiallyLoaded:1 Bounds:IsValid=true, Min=(X=1067.500 Y=6195.075 Z=-202.500), Max=(X=1192.500 Y=6345.075 Z=222.500) RuntimeGrid:None EditorOnly:0 RuntimeOnly:0 HLODRelevant:0 ListedInSceneOutliner:1 IsMainWorldOnly:0
 |   |   |- [+] [  6]
 |   |   |   |- Guid:27B3833E4909149C285DBBA3358BE40F BaseClass: NativeClass:/Script/Engine.SpotLight Name:SpotLight_UAID_7486E205B57FE35802_1165141389 Label:SpotLight3 SpatiallyLoaded:1 Bounds:IsValid=true, Min=(X=1184.558 Y=928.009 Z=-618.584), Max=(X=2294.080 Y=2037.531 Z=490.939) RuntimeGrid:None EditorOnly:0 RuntimeOnly:0 HLODRelevant:0 ListedInSceneOutliner:1 IsMainWorldOnly:0
 |   |   |- [+] [  7]
 |   |   |   |- Guid:2AF50FB74711B01FD6DCD1989D67260C BaseClass: NativeClass:/Script/Engine.StaticMeshActor Name:StaticMeshActor_UAID_7486E205B57FB85602_1895400707 Label:drummer_cutscene SpatiallyLoaded:1 Bounds:IsValid=true, Min=(X=1602.834 Y=1434.491 Z=-35.286), Max=(X=1771.095 Y=1606.663 Z=170.348) RuntimeGrid:None EditorOnly:0 RuntimeOnly:0 HLODRelevant:1 ListedInSceneOutliner:1 IsMainWorldOnly:0
 |   |   |- [+] [  8]
 |   |   |   |- Guid:2FB58999456391D349DC0F86DAC136ED BaseClass: NativeClass:/Script/Engine.SkyLight Name:SkyLight_1 Label:SkyLight SpatiallyLoaded:0 Bounds:IsValid=true, Min=(X=0.000 Y=0.000 Z=690.000), Max=(X=0.000 Y=0.000 Z=690.000) RuntimeGrid:None EditorOnly:0 RuntimeOnly:0 HLODRelevant:0 ListedInSceneOutliner:1 IsMainWorldOnly:0 FolderPath:Lighting FolderGuid:963EC3EB4002CCE9759E2EBA541A873A
 |   |   |- [+] [  9]
 |   |   |   |- Guid:316CF2A6494ACA4C0E4180A87D36AB8F BaseClass: NativeClass:/Script/Engine.ExponentialHeightFog Name:ExponentialHeightFog_0 Label:ExponentialHeightFog SpatiallyLoaded:0 Bounds:IsValid=true, Min=(X=-5600.000 Y=-50.000 Z=-6850.000), Max=(X=-5600.000 Y=-50.000 Z=-6850.000) RuntimeGrid:None EditorOnly:0 RuntimeOnly:0 HLODRelevant:0 ListedInSceneOutliner:1 IsMainWorldOnly:0 FolderPath:Lighting FolderGuid:963EC3EB4002CCE9759E2EBA541A873A
 |   |   |- [+] [ 10]
 |   |   |   |- Guid:32DA6EBD4BB5BE78AFFE6E99ED3A1B6F BaseClass: NativeClass:/Script/Engine.StaticMeshActor Name:StaticMeshActor_UAID_7486E205B57FE55802_1832101751 Label:bed SpatiallyLoaded:1 Bounds:IsValid=true, Min=(X=-797.077 Y=7388.466 Z=-243.923), Max=(X=-164.514 Y=8255.637 Z=-60.777) RuntimeGrid:None EditorOnly:0 RuntimeOnly:0 HLODRelevant:1 ListedInSceneOutliner:1 IsMainWorldOnly:0
 |   |   |- [+] [ 11]
 |   |   |   |- Guid:3A00AA1C422CE54C0BDB60BAF471BFBB BaseClass: NativeClass:/Script/Engine.PlayerStart Name:PlayerStart_0 Label:PlayerStart SpatiallyLoaded:0 Bounds:IsValid=true, Min=(X=-1393.628 Y=1138.213 Z=-169.987), Max=(X=-1313.628 Y=1218.213 Z=14.013) RuntimeGrid:None EditorOnly:0 RuntimeOnly:0 HLODRelevant:0 ListedInSceneOutliner:1 IsMainWorldOnly:0
 |   |   |- [+] [ 12]
 |   |   |   |- Guid:473EBE434BBAD6EA2D77CC9BE595F8FB BaseClass: NativeClass:/Script/Engine.ExponentialHeightFog Name:ExponentialHeightFog_UAID_7486E205B57FAE5602_1964047936 Label:ExponentialHeightFog2 SpatiallyLoaded:0 Bounds:IsValid=true, Min=(X=945.099 Y=739.100 Z=139.143), Max=(X=945.099 Y=739.100 Z=139.143) RuntimeGrid:None EditorOnly:0 RuntimeOnly:0 HLODRelevant:0 ListedInSceneOutliner:1 IsMainWorldOnly:0
 |   |   |- [+] [ 13]
 |   |   |   |- Guid:475E31734F8E216A43507C875AAB8E92 BaseClass:/Game/_MyContent/BP_Item.BP_Item_C NativeClass:/Script/Engine.Actor Name:BP_Item_C_UAID_7486E205B57F175002_1170887027 Label:drumsticks SpatiallyLoaded:1 Bounds:IsValid=true, Min=(X=898.167 Y=768.920 Z=-400.000), Max=(X=1282.475 Y=1091.846 Z=100.000) RuntimeGrid:None EditorOnly:0 RuntimeOnly:0 HLODRelevant:0 ListedInSceneOutliner:1 IsMainWorldOnly:0
 |   |   |- [+] [ 14]
 |   |   |   |- Guid:49C80B2D42013A1C580C6980CD44AE56 BaseClass: NativeClass:/Script/Engine.SpotLight Name:SpotLight_UAID_7486E205B57FE25802_1074922205 Label:SpotLight2 SpatiallyLoaded:1 Bounds:IsValid=true, Min=(X=1172.006 Y=573.920 Z=-618.584), Max=(X=2281.528 Y=1683.442 Z=490.939) RuntimeGrid:None EditorOnly:0 RuntimeOnly:0 HLODRelevant:0 ListedInSceneOutliner:1 IsMainWorldOnly:0
 |   |   |- [+] [ 15]
 |   |   |   |- Guid:4BE2FB5F4A26A8F61062AEB49E1776C7 BaseClass:/Game/_MyContent/BP_WallLight.BP_WallLight_C NativeClass:/Script/Engine.Actor Name:BP_WallLight_C_UAID_7486E205B57FE35802_1317145392 Label:BP_WallLight4 SpatiallyLoaded:1 Bounds:IsValid=true, Min=(X=632.412 Y=2617.731 Z=35.024), Max=(X=728.349 Y=2779.865 Z=291.167) RuntimeGrid:None EditorOnly:0 RuntimeOnly:0 HLODRelevant:0 ListedInSceneOutliner:1 IsMainWorldOnly:0
 |   |   |- [+] [ 16]
 |   |   |   |- Guid:4D3BE93F4146AAAC8BBE79999D96D57F BaseClass: NativeClass:/Script/Engine.VolumetricCloud Name:VolumetricCloud_0 Label:VolumetricCloud SpatiallyLoaded:0 Bounds:IsValid=true, Min=(X=0.000 Y=0.000 Z=820.000), Max=(X=0.000 Y=0.000 Z=820.000) RuntimeGrid:None EditorOnly:0 RuntimeOnly:0 HLODRelevant:0 ListedInSceneOutliner:1 IsMainWorldOnly:0 FolderPath:Lighting FolderGuid:963EC3EB4002CCE9759E2EBA541A873A
 |   |   |- [+] [ 17]
 |   |   |   |- Guid:581A7F5045BEAF9F21BCD1BF79FE4EC2 BaseClass:/Game/_MyContent/BP_FTele.BP_FTele_C NativeClass:/Script/Engine.Actor Name:BP_FTele_C_UAID_7486E205B57F495202_1808825943 Label:BP_FTele SpatiallyLoaded:1 Bounds:IsValid=true, Min=(X=-91.650 Y=5023.528 Z=-234.923), Max=(X=4.350 Y=5119.528 Z=-138.923) RuntimeGrid:None EditorOnly:0 RuntimeOnly:0 HLODRelevant:0 ListedInSceneOutliner:1 IsMainWorldOnly:0
 |   |   |- [+] [ 18]
 |   |   |   |- Guid:598BA21242D0610975F1BE837E216B18 BaseClass: NativeClass:/Script/CinematicCamera.CineCameraActor Name:CineCameraActor_UAID_7486E205B57FB75602_2053135530 Label:CineCameraActor SpatiallyLoaded:0 Bounds:IsValid=true, Min=(X=786.003 Y=1311.350 Z=55.557), Max=(X=786.003 Y=1311.350 Z=55.557) RuntimeGrid:None EditorOnly:0 RuntimeOnly:0 HLODRelevant:0 ListedInSceneOutliner:1 IsMainWorldOnly:0
 |   |   |- [+] [ 19]
 |   |   |   |- Guid:63BD0EF946F507652F9C5B84CD971379 BaseClass: NativeClass:/Script/Engine.StaticMeshActor Name:StaticMeshActor_UAID_7486E205B57FE65802_1440356928 Label:stairs SpatiallyLoaded:1 Bounds:IsValid=true, Min=(X=1809.447 Y=2297.966 Z=-240.187), Max=(X=2009.447 Y=2497.966 Z=-40.187) RuntimeGrid:None EditorOnly:0 RuntimeOnly:0 HLODRelevant:0 ListedInSceneOutliner:1 IsMainWorldOnly:0
 |   |   |- [+] [ 20]
 |   |   |   |- Guid:650F6093476D97D5508F8EB8E5114F84 BaseClass:/Game/_MyContent/BP_Item.BP_Item_C NativeClass:/Script/Engine.Actor Name:BP_Item_C_UAID_7486E205B57FB15602_2100471468 Label:pick SpatiallyLoaded:1 Bounds:IsValid=true, Min=(X=1023.677 Y=1286.974 Z=-432.997), Max=(X=1494.208 Y=1482.397 Z=67.003) RuntimeGrid:None EditorOnly:0 RuntimeOnly:0 HLODRelevant:0 ListedInSceneOutliner:1 IsMainWorldOnly:0
 |   |   |- [+] [ 21]
 |   |   |   |- Guid:652E232E492981A1C058F3A164436CAE BaseClass: NativeClass:/Script/Engine.StaticMeshActor Name:StaticMeshActor_UAID_7486E205B57FE75802_1672190109 Label:stairs2 SpatiallyLoaded:1 Bounds:IsValid=true, Min=(X=1811.445 Y=2495.048 Z=-42.325), Max=(X=2011.445 Y=2695.048 Z=157.675) RuntimeGrid:None EditorOnly:0 RuntimeOnly:0 HLODRelevant:0 ListedInSceneOutliner:1 IsMainWorldOnly:0
 |   |   |- [+] [ 22]
 |   |   |   |- Guid:689AAFA644199733FC1FB9A10B305D66 BaseClass:/Game/_MyContent/BP_DoorLock.BP_DoorLock_C NativeClass:/Script/Engine.Actor Name:BP_DoorLock_C_UAID_7486E205B57F475202_1590363589 Label:BedroomLock SpatiallyLoaded:1 Bounds:IsValid=true, Min=(X=45.331 Y=6488.190 Z=-438.068), Max=(X=195.282 Y=6577.392 Z=581.567) RuntimeGrid:None EditorOnly:0 RuntimeOnly:0 HLODRelevant:0 ListedInSceneOutliner:1 IsMainWorldOnly:0
 |   |   |- [+] [ 23]
 |   |   |   |- Guid:6BAF4DDD444C60371492D3919DB42C97 BaseClass: NativeClass:/Script/Engine.WorldDataLayers Name:WorldDataLayers Label:WorldDataLayers SpatiallyLoaded:0 Bounds:Invalid RuntimeGrid:None EditorOnly:0 RuntimeOnly:0 HLODRelevant:0 ListedInSceneOutliner:1 IsMainWorldOnly:1
 |   |   |- [+] [ 24]
 |   |   |   |- Guid:6D78313148D10FFB28CD49A8A61FEBF1 BaseClass: NativeClass:/Script/Engine.StaticMeshActor Name:StaticMeshActor_UAID_7486E205B57FAC5602_1908086591 Label:curtain_side SpatiallyLoaded:1 Bounds:IsValid=true, Min=(X=1845.566 Y=1350.410 Z=-185.464), Max=(X=1986.278 Y=2024.490 Z=512.989) RuntimeGrid:None EditorOnly:0 RuntimeOnly:0 HLODRelevant:1 ListedInSceneOutliner:1 IsMainWorldOnly:0
 |   |   |- [+] [ 25]
 |   |   |   |- Guid:71ECA4C440E6147706318DBFAF27E7A7 BaseClass: NativeClass:/Script/Engine.StaticMeshActor Name:StaticMeshActor_UAID_7486E205E744815402_1331066904 Label:Cube SpatiallyLoaded:1 Bounds:IsValid=true, Min=(X=1454.756 Y=904.756 Z=-227.744), Max=(X=1945.244 Y=1695.244 Z=-112.256) RuntimeGrid:None EditorOnly:0 RuntimeOnly:0 HLODRelevant:1 ListedInSceneOutliner:1 IsMainWorldOnly:0
 |   |   |- [+] [ 26]
 |   |   |   |- Guid:8936C02C40CC5BA1041080B53D201D0F BaseClass:/Game/_MyContent/BP_PianistGhost.BP_PianistGhost_C NativeClass:/Script/Engine.Actor Name:BP_PianistGhost_C_UAID_7486E205B57FB15602_1918077467 Label:BP_PianistGhost SpatiallyLoaded:1 Bounds:IsValid=true, Min=(X=-562.691 Y=8058.955 Z=-580.032), Max=(X=903.499 Y=8246.628 Z=886.158) RuntimeGrid:None EditorOnly:0 RuntimeOnly:0 HLODRelevant:0 ListedInSceneOutliner:1 IsMainWorldOnly:0
 |   |   |- [+] [ 27]
 |   |   |   |- Guid:8A2BCE6944C4F53F875F09A1041C74EF BaseClass:/Game/_MyContent/BP_WallLight.BP_WallLight_C NativeClass:/Script/Engine.Actor Name:BP_WallLight_C_UAID_7486E205B57FE35802_1443128396 Label:BP_WallLight8 SpatiallyLoaded:1 Bounds:IsValid=true, Min=(X=-349.070 Y=6334.116 Z=35.024), Max=(X=-253.134 Y=6496.250 Z=291.167) RuntimeGrid:None EditorOnly:0 RuntimeOnly:0 HLODRelevant:0 ListedInSceneOutliner:1 IsMainWorldOnly:0
 |   |   |- [+] [ 28]
 |   |   |   |- Guid:8AFAC8ED4FC6CD8FB91105AEDD207199 BaseClass:/Game/_MyContent/BP_GuitaristGhost.BP_GuitaristGhost_C NativeClass:/Script/Engine.Actor Name:BP_GuitaristGhost_C_UAID_7486E205B57FB15602_1397660465 Label:BP_GuitaristGhost SpatiallyLoaded:1 Bounds:IsValid=true, Min=(X=-1403.789 Y=-611.875 Z=-566.189), Max=(X=-145.374 Y=-450.798 Z=692.226) RuntimeGrid:None EditorOnly:0 RuntimeOnly:0 HLODRelevant:0 ListedInSceneOutliner:1 IsMainWorldOnly:0
 |   |   |- [+] [ 29]
 |   |   |   |- Guid:985C97F944143EC537F1BCB552F95DD2 BaseClass: NativeClass:/Script/Engine.StaticMeshActor Name:StaticMeshActor_UAID_7486E205B21CE34D02_1460782761 Label:Mansion_Rooms SpatiallyLoaded:1 Bounds:IsValid=true, Min=(X=-1941.019 Y=-738.516 Z=-291.057), Max=(X=2123.047 Y=8420.274 Z=574.962) RuntimeGrid:None EditorOnly:0 RuntimeOnly:0 HLODRelevant:1 ListedInSceneOutliner:1 IsMainWorldOnly:0
 |   |   |- [+] [ 30]
 |   |   |   |- Guid:9A1322614D204BE65188359A1785B239 BaseClass:/Game/_MyContent/BP_Item.BP_Item_C NativeClass:/Script/Engine.Actor Name:BP_Item_C_UAID_7486E205B57FB25602_1081859646 Label:key SpatiallyLoaded:1 Bounds:IsValid=true, Min=(X=719.492 Y=2172.531 Z=-431.232), Max=(X=889.686 Y=2672.531 Z=68.768) RuntimeGrid:None EditorOnly:0 RuntimeOnly:0 HLODRelevant:0 ListedInSceneOutliner:1 IsMainWorldOnly:0
 |   |   |- [+] [ 31]
 |   |   |   |- Guid:9C921CEC4C5389566C5959A2BFB3CAF4 BaseClass:/Game/_MyContent/BP_SingerGhost.BP_SingerGhost_C NativeClass:/Script/Engine.Actor Name:BP_SingerGhost_C_UAID_7486E205B57FB15602_1894111466 Label:BP_SingerGhost SpatiallyLoaded:1 Bounds:IsValid=true, Min=(X=-1297.369 Y=1992.736 Z=-645.465), Max=(X=-1109.629 Y=3459.457 Z=821.256) RuntimeGrid:None EditorOnly:0 RuntimeOnly:0 HLODRelevant:0 ListedInSceneOutliner:1 IsMainWorldOnly:0
 |   |   |- [+] [ 32]
 |   |   |   |- Guid:9D6B8C794D07360114BCADAC54BC0EF8 BaseClass: NativeClass:/Script/Engine.StaticMeshActor Name:StaticMeshActor_UAID_7486E205B21CE34D02_1128902759 Label:HH_Mansion_Blockout_Walls SpatiallyLoaded:1 Bounds:IsValid=true, Min=(X=-980.000 Y=3180.000 Z=0.000), Max=(X=-980.000 Y=3180.000 Z=0.000) RuntimeGrid:None EditorOnly:0 RuntimeOnly:0 HLODRelevant:0 ListedInSceneOutliner:1 IsMainWorldOnly:0
 |   |   |- [+] [ 33]
 |   |   |   |- Guid:9E873A174A3CFBA689E8E5A91B309155 BaseClass:/Game/_MyContent/BP_WallLight.BP_WallLight_C NativeClass:/Script/Engine.Actor Name:BP_WallLight_C_UAID_7486E205B57FE35802_1443125395 Label:BP_WallLight7 SpatiallyLoaded:1 Bounds:IsValid=true, Min=(X=265.828 Y=6334.116 Z=35.024), Max=(X=361.765 Y=6496.250 Z=291.167) RuntimeGrid:None EditorOnly:0 RuntimeOnly:0 HLODRelevant:0 ListedInSceneOutliner:1 IsMainWorldOnly:0
 |   |   |- [+] [ 34]
 |   |   |   |- Guid:AEBB87B5439AECEE4E0C31B925FB4879 BaseClass: NativeClass:/Script/Engine.StaticMeshActor Name:StaticMeshActor_UAID_7486E205B57FB25602_1720170647 Label:curtain_straight SpatiallyLoaded:1 Bounds:IsValid=true, Min=(X=-197.275 Y=8273.192 Z=-203.491), Max=(X=614.677 Y=8330.599 Z=302.094) RuntimeGrid:None EditorOnly:0 RuntimeOnly:0 HLODRelevant:1 ListedInSceneOutliner:1 IsMainWorldOnly:0
 |   |   |- [+] [ 35]
 |   |   |   |- Guid:B40BAD7C4BC90290AA192B9535E8B06A BaseClass:/Game/_MyContent/BP_WallLight.BP_WallLight_C NativeClass:/Script/Engine.Actor Name:BP_WallLight_C_UAID_7486E205B57FE25802_2045640211 Label:BP_WallLight2 SpatiallyLoaded:1 Bounds:IsValid=true, Min=(X=-151.524 Y=1299.660 Z=35.024), Max=(X=-55.587 Y=1461.794 Z=291.167) RuntimeGrid:None EditorOnly:0 RuntimeOnly:0 HLODRelevant:0 ListedInSceneOutliner:1 IsMainWorldOnly:0
 |   |   |- [+] [ 36]
 |   |   |   |- Guid:B785ED2844B84CFB91E7F39FE661CD99 BaseClass: NativeClass:/Script/Engine.DirectionalLight Name:DirectionalLight_0 Label:DirectionalLight SpatiallyLoaded:0 Bounds:IsValid=true, Min=(X=-4398046511104.000 Y=-4398046511104.000 Z=-4398046511104.000), Max=(X=4398046511104.000 Y=4398046511104.000 Z=4398046511104.000) RuntimeGrid:None EditorOnly:0 RuntimeOnly:0 HLODRelevant:0 ListedInSceneOutliner:1 IsMainWorldOnly:0 FolderPath:Lighting FolderGuid:963EC3EB4002CCE9759E2EBA541A873A
 |   |   |- [+] [ 37]
 |   |   |   |- Guid:C56B5A28430080E9EB23A49DFC91137B BaseClass:/Game/_MyContent/BP_WallLight.BP_WallLight_C NativeClass:/Script/Engine.Actor Name:BP_WallLight_C_UAID_7486E205B57FE25802_1644315210 Label:BP_WallLight SpatiallyLoaded:1 Bounds:IsValid=true, Min=(X=-151.524 Y=832.643 Z=35.024), Max=(X=-55.587 Y=994.776 Z=291.167) RuntimeGrid:None EditorOnly:0 RuntimeOnly:0 HLODRelevant:0 ListedInSceneOutliner:1 IsMainWorldOnly:0
 |   |   |- [+] [ 38]
 |   |   |   |- Guid:CA33C4154E4B0E5C282B88808466BC0C BaseClass:/Game/_MyContent/BP_Item.BP_Item_C NativeClass:/Script/Engine.Actor Name:BP_Item_C_UAID_7486E205B57FB15602_2124323469 Label:bowtie SpatiallyLoaded:1 Bounds:IsValid=true, Min=(X=1140.479 Y=1593.078 Z=-386.956), Max=(X=1310.673 Y=2093.078 Z=113.044) RuntimeGrid:None EditorOnly:0 RuntimeOnly:0 HLODRelevant:0 ListedInSceneOutliner:1 IsMainWorldOnly:0
 |   |   |- [+] [ 39]
 |   |   |   |- Guid:CCFF262C46EEFFDF319E7F9539CE697E BaseClass: NativeClass:/Script/Engine.SkyAtmosphere Name:SkyAtmosphere_0 Label:SkyAtmosphere SpatiallyLoaded:0 Bounds:IsValid=true, Min=(X=0.000 Y=0.000 Z=1020.000), Max=(X=0.000 Y=0.000 Z=1020.000) RuntimeGrid:None EditorOnly:0 RuntimeOnly:0 HLODRelevant:0 ListedInSceneOutliner:1 IsMainWorldOnly:0 FolderPath:Lighting FolderGuid:963EC3EB4002CCE9759E2EBA541A873A
 |   |   |- [+] [ 40]
 |   |   |   |- Guid:CE1409334B65190769D084A716FC1863 BaseClass:/Game/_MyContent/BP_WallLight.BP_WallLight_C NativeClass:/Script/Engine.Actor Name:BP_WallLight_C_UAID_7486E205B57FE35802_1406441393 Label:BP_WallLight5 SpatiallyLoaded:1 Bounds:IsValid=true, Min=(X=265.828 Y=5312.356 Z=35.024), Max=(X=361.765 Y=5474.490 Z=291.167) RuntimeGrid:None EditorOnly:0 RuntimeOnly:0 HLODRelevant:0 ListedInSceneOutliner:1 IsMainWorldOnly:0
 |   |   |- [+] [ 41]
 |   |   |   |- Guid:CF7D8600466072AD6084CCA3E428322E BaseClass: NativeClass:/Script/LevelSequence.LevelSequenceActor Name:LevelSequenceActor_UAID_7486E205B57FB75602_1981804529 Label:DrummerSequence SpatiallyLoaded:0 Bounds:IsValid=true, Min=(X=1696.395 Y=1767.304 Z=250.656), Max=(X=1696.395 Y=1767.304 Z=250.656) RuntimeGrid:None EditorOnly:0 RuntimeOnly:0 HLODRelevant:0 ListedInSceneOutliner:1 IsMainWorldOnly:0
 |   |   |- [+] [ 42]
 |   |   |   |- Guid:D862C83E4D0F6F476942979723412CE3 BaseClass:/Game/_MyContent/BP_GTele.BP_GTele_C NativeClass:/Script/Engine.Actor Name:BP_GTele_C_UAID_7486E205B57F485202_1553287766 Label:BP_GTele SpatiallyLoaded:1 Bounds:IsValid=true, Min=(X=1903.909 Y=2645.515 Z=138.721), Max=(X=1999.909 Y=2741.515 Z=234.721) RuntimeGrid:None EditorOnly:0 RuntimeOnly:0 HLODRelevant:0 ListedInSceneOutliner:1 IsMainWorldOnly:0
 |   |   |- [+] [ 43]
 |   |   |   |- Guid:DD26CC7F47CC2F65C995A280D9B51B95 BaseClass: NativeClass:/Script/Engine.StaticMeshActor Name:StaticMeshActor_UAID_7486E205B21CE34D02_1292856760 Label:HH_Mansion_Blockout_Floor SpatiallyLoaded:1 Bounds:IsValid=true, Min=(X=0.000 Y=2210.000 Z=320.000), Max=(X=0.000 Y=2210.000 Z=320.000) RuntimeGrid:None EditorOnly:0 RuntimeOnly:0 HLODRelevant:0 ListedInSceneOutliner:1 IsMainWorldOnly:0
 |   |   |- [+] [ 44]
 |   |   |   |- Guid:DE57356E438AA3B945DEEA87609A64A1 BaseClass:/Game/_MyContent/BP_DoorLock.BP_DoorLock_C NativeClass:/Script/Engine.Actor Name:BP_DoorLock_C_UAID_7486E205B57F1A5002_1312987558 Label:LoungeLock SpatiallyLoaded:1 Bounds:IsValid=true, Min=(X=-654.471 Y=743.312 Z=-376.113), Max=(X=-492.069 Y=843.312 Z=556.338) RuntimeGrid:None EditorOnly:0 RuntimeOnly:0 HLODRelevant:0 ListedInSceneOutliner:1 IsMainWorldOnly:0
 |   |   |- [+] [ 45]
 |   |   |   |- Guid:EC4E0C944CE6AC6E784BC6BB2916EA13 BaseClass: NativeClass:/Script/Engine.StaticMeshActor Name:StaticMeshActor_UAID_A4AE111137DC5EFB00_1110535423 Label:SM_SkySphere SpatiallyLoaded:0 Bounds:IsValid=true, Min=(X=-1638400.000 Y=-1638400.000 Z=-1638400.000), Max=(X=1638400.000 Y=1638400.000 Z=1638400.000) RuntimeGrid:None EditorOnly:0 RuntimeOnly:0 HLODRelevant:1 ListedInSceneOutliner:1 IsMainWorldOnly:0 FolderPath:Lighting FolderGuid:963EC3EB4002CCE9759E2EBA541A873A
 |   |   |- [+] [ 46]
 |   |   |   |- Guid:EE4D75DC456663F5AB635F96C9A9E5BD BaseClass:/Game/_MyContent/BP_WallLight.BP_WallLight_C NativeClass:/Script/Engine.Actor Name:BP_WallLight_C_UAID_7486E205B57FE35802_1302265391 Label:BP_WallLight3 SpatiallyLoaded:1 Bounds:IsValid=true, Min=(X=1416.259 Y=2617.731 Z=35.024), Max=(X=1512.195 Y=2779.865 Z=291.167) RuntimeGrid:None EditorOnly:0 RuntimeOnly:0 HLODRelevant:0 ListedInSceneOutliner:1 IsMainWorldOnly:0
 |   |   |- [+] [ 47]
 |   |   |   |- Guid:F5E3FEB3450C49844FD93DA8E083C8AD BaseClass: NativeClass:/Script/Engine.PostProcessVolume Name:PostProcessVolume_0 Label:PostProcessVolume SpatiallyLoaded:0 Bounds:IsValid=true, Min=(X=0.000 Y=0.000 Z=400.000), Max=(X=200.000 Y=200.000 Z=600.000) RuntimeGrid:None EditorOnly:0 RuntimeOnly:0 HLODRelevant:0 ListedInSceneOutliner:1 IsMainWorldOnly:0 FolderPath:Lighting FolderGuid:963EC3EB4002CCE9759E2EBA541A873A
 |- ContainerInstances:
 |- [+] MainContainer:
 |   |-        ID: 00000000000000000000000000000000
 |   |-  ParentID: 00000000000000000000000000000000
 |   |-    Bounds: IsValid=false, Min=(X=0.000 Y=0.000 Z=0.000), Max=(X=0.000 Y=0.000 Z=0.000)
 |   |- Transform: 0.000000,0.000000,0.000000|0.000000,0.000000,-0.000000|1.000000,1.000000,1.000000
 |   |- Container: /Game/ThirdPerson/Maps/ThirdPersonMap
----------------------------------------------------------------------------------------------------------------
ThirdPersonMap - Persistent Level
----------------------------------------------------------------------------------------------------------------
[+] Content of ThirdPersonMap Persistent Level
 |- Always loaded Actor Count: 64 
 |- Actor Path: /Game/ThirdPerson/Maps/ThirdPersonMap.ThirdPersonMap:PersistentLevel.AbstractNavData-Default
 |- Actor Package: /Game/ThirdPerson/Maps/ThirdPersonMap
 |- Actor Path: /Game/ThirdPerson/Maps/ThirdPersonMap.ThirdPersonMap:PersistentLevel.BP_DoorLock_C_UAID_7486E205B57F1A5002_1312987558
 |- Actor Package: /Game/__ExternalActors__/ThirdPerson/Maps/ThirdPersonMap/B/O5/PETXKQF1SNB0U0XS8WEOIC
 |- Actor Path: /Game/ThirdPerson/Maps/ThirdPersonMap.ThirdPersonMap:PersistentLevel.BP_DoorLock_C_UAID_7486E205B57F475202_1433771586
 |- Actor Package: /Game/__ExternalActors__/ThirdPerson/Maps/ThirdPersonMap/E/TR/EI5TWJT78HCMPAH5TP48UU
 |- Actor Path: /Game/ThirdPerson/Maps/ThirdPersonMap.ThirdPersonMap:PersistentLevel.BP_DoorLock_C_UAID_7486E205B57F475202_1541885588
 |- Actor Package: /Game/__ExternalActors__/ThirdPerson/Maps/ThirdPersonMap/2/C3/VCSP6MIHP3YZ94ZQR17PCR
 |- Actor Path: /Game/ThirdPerson/Maps/ThirdPersonMap.ThirdPersonMap:PersistentLevel.BP_DoorLock_C_UAID_7486E205B57F475202_1590363589
 |- Actor Package: /Game/__ExternalActors__/ThirdPerson/Maps/ThirdPersonMap/C/V4/O3BPR37DFJ59YTQYGLW0O0
 |- Actor Path: /Game/ThirdPerson/Maps/ThirdPersonMap.ThirdPersonMap:PersistentLevel.BP_DrummerGhost_C_UAID_7486E205E744805402_1893448727
 |- Actor Package: /Game/__ExternalActors__/ThirdPerson/Maps/ThirdPersonMap/C/DF/O69RM2UJXBAHX7IIKNY4OQ
 |- Actor Path: /Game/ThirdPerson/Maps/ThirdPersonMap.ThirdPersonMap:PersistentLevel.BP_FTele_C_UAID_7486E205B57F495202_1808825943
 |- Actor Package: /Game/__ExternalActors__/ThirdPerson/Maps/ThirdPersonMap/2/BP/YUNFKU8H6Q826SQH0ZXKA6
 |- Actor Path: /Game/ThirdPerson/Maps/ThirdPersonMap.ThirdPersonMap:PersistentLevel.BP_GTele_C_UAID_7486E205B57F485202_1553287766
 |- Actor Package: /Game/__ExternalActors__/ThirdPerson/Maps/ThirdPersonMap/C/KX/9U2PJIKU5VAG7LQH8VPG1Y
 |- Actor Path: /Game/ThirdPerson/Maps/ThirdPersonMap.ThirdPersonMap:PersistentLevel.BP_GuitaristGhost_C_UAID_7486E205B57FB15602_1397660465
 |- Actor Package: /Game/__ExternalActors__/ThirdPerson/Maps/ThirdPersonMap/B/JB/14VDMUZVNM0J4DA7OO2N2G
 |- Actor Path: /Game/ThirdPerson/Maps/ThirdPersonMap.ThirdPersonMap:PersistentLevel.BP_Item_C_UAID_7486E205B57F175002_1170887027
 |- Actor Package: /Game/__ExternalActors__/ThirdPerson/Maps/ThirdPersonMap/2/E4/3PB594BQD976X88UQ5OCT9
 |- Actor Path: /Game/ThirdPerson/Maps/ThirdPersonMap.ThirdPersonMap:PersistentLevel.BP_Item_C_UAID_7486E205B57FB15602_2100471468
 |- Actor Package: /Game/__ExternalActors__/ThirdPerson/Maps/ThirdPersonMap/2/AM/6Z6YOGS17IG4HKESX6QDBF
 |- Actor Path: /Game/ThirdPerson/Maps/ThirdPersonMap.ThirdPersonMap:PersistentLevel.BP_Item_C_UAID_7486E205B57FB15602_2124323469
 |- Actor Package: /Game/__ExternalActors__/ThirdPerson/Maps/ThirdPersonMap/9/TJ/24NLV3AA1QK7DYFAPQEFPZ
 |- Actor Path: /Game/ThirdPerson/Maps/ThirdPersonMap.ThirdPersonMap:PersistentLevel.BP_Item_C_UAID_7486E205B57FB25602_1081859646
 |- Actor Package: /Game/__ExternalActors__/ThirdPerson/Maps/ThirdPersonMap/5/NI/OLQTSQ5B0NTUKL01OQT3YV
 |- Actor Path: /Game/ThirdPerson/Maps/ThirdPersonMap.ThirdPersonMap:PersistentLevel.BP_PianistGhost_C_UAID_7486E205B57FB15602_1918077467
 |- Actor Package: /Game/__ExternalActors__/ThirdPerson/Maps/ThirdPersonMap/A/S7/L8NRCSOPF91GN9XWQJH6B9
 |- Actor Path: /Game/ThirdPerson/Maps/ThirdPersonMap.ThirdPersonMap:PersistentLevel.BP_SingerGhost_C_UAID_7486E205B57FB15602_1894111466
 |- Actor Package: /Game/__ExternalActors__/ThirdPerson/Maps/ThirdPersonMap/8/Y5/TZ2FXQ5LSCVFW987DYI4GD
 |- Actor Path: /Game/ThirdPerson/Maps/ThirdPersonMap.ThirdPersonMap:PersistentLevel.BP_WallLight_C_UAID_7486E205B57FE25802_1644315210
 |- Actor Package: /Game/__ExternalActors__/ThirdPerson/Maps/ThirdPersonMap/D/46/YGWYLUQV4TT7Z3TI3US2GB
 |- Actor Path: /Game/ThirdPerson/Maps/ThirdPersonMap.ThirdPersonMap:PersistentLevel.BP_WallLight_C_UAID_7486E205B57FE25802_2045640211
 |- Actor Package: /Game/__ExternalActors__/ThirdPerson/Maps/ThirdPersonMap/E/VO/YSLITMT0ABLOET7MPFA1F0
 |- Actor Path: /Game/ThirdPerson/Maps/ThirdPersonMap.ThirdPersonMap:PersistentLevel.BP_WallLight_C_UAID_7486E205B57FE35802_1302265391
 |- Actor Package: /Game/__ExternalActors__/ThirdPerson/Maps/ThirdPersonMap/5/Y2/WQQ57HRFFPQMOIL4Z07TIJ
 |- Actor Path: /Game/ThirdPerson/Maps/ThirdPersonMap.ThirdPersonMap:PersistentLevel.BP_WallLight_C_UAID_7486E205B57FE35802_1317145392
 |- Actor Package: /Game/__ExternalActors__/ThirdPerson/Maps/ThirdPersonMap/4/84/69I7K741VJM2JYJS8WLS4H
 |- Actor Path: /Game/ThirdPerson/Maps/ThirdPersonMap.ThirdPersonMap:PersistentLevel.BP_WallLight_C_UAID_7486E205B57FE35802_1406441393
 |- Actor Package: /Game/__ExternalActors__/ThirdPerson/Maps/ThirdPersonMap/A/JC/UZ2U8J7F4RFMFK0QLKUF59
 |- Actor Path: /Game/ThirdPerson/Maps/ThirdPersonMap.ThirdPersonMap:PersistentLevel.BP_WallLight_C_UAID_7486E205B57FE35802_1430928394
 |- Actor Package: /Game/__ExternalActors__/ThirdPerson/Maps/ThirdPersonMap/B/6D/9Y8P1TECY8D0JG4KLM6Y1H
 |- Actor Path: /Game/ThirdPerson/Maps/ThirdPersonMap.ThirdPersonMap:PersistentLevel.BP_WallLight_C_UAID_7486E205B57FE35802_1443125395
 |- Actor Package: /Game/__ExternalActors__/ThirdPerson/Maps/ThirdPersonMap/4/GY/0S5RJSMPQ5FBBQDWHPEMWO
 |- Actor Path: /Game/ThirdPerson/Maps/ThirdPersonMap.ThirdPersonMap:PersistentLevel.BP_WallLight_C_UAID_7486E205B57FE35802_1443128396
 |- Actor Package: /Game/__ExternalActors__/ThirdPerson/Maps/ThirdPersonMap/6/EK/WNRAJ1AUWUZJ4CSM92N5J0
 |- Actor Path: /Game/ThirdPerson/Maps/ThirdPersonMap.ThirdPersonMap:PersistentLevel.Brush_0
 |- Actor Package: /Game/ThirdPerson/Maps/ThirdPersonMap
 |- Actor Path: /Game/ThirdPerson/Maps/ThirdPersonMap.ThirdPersonMap:PersistentLevel.Brush_2
 |- Actor Package: /Game/ThirdPerson/Maps/ThirdPersonMap
 |- Actor Path: /Game/ThirdPerson/Maps/ThirdPersonMap.ThirdPersonMap:PersistentLevel.CineCameraActor_UAID_7486E205B57FB75602_2053135530
 |- Actor Package: /Game/__ExternalActors__/ThirdPerson/Maps/ThirdPersonMap/3/PC/L4C15Y12B7EJ53PIXGS03Q
 |- Actor Path: /Game/ThirdPerson/Maps/ThirdPersonMap.ThirdPersonMap:PersistentLevel.DefaultPhysicsVolume_0
 |- Actor Package: /Game/ThirdPerson/Maps/ThirdPersonMap
 |- Actor Path: /Game/ThirdPerson/Maps/ThirdPersonMap.ThirdPersonMap:PersistentLevel.DirectionalLight_0
 |- Actor Package: /Game/__ExternalActors__/ThirdPerson/Maps/ThirdPersonMap/5/R1/TS5OQ5CRUWFZYL1ZQ7I416
 |- Actor Path: /Game/ThirdPerson/Maps/ThirdPersonMap.ThirdPersonMap:PersistentLevel.ExponentialHeightFog_0
 |- Actor Package: /Game/__ExternalActors__/ThirdPerson/Maps/ThirdPersonMap/6/J7/N10XDC9G27EMLS5AGZ6AVV
 |- Actor Path: /Game/ThirdPerson/Maps/ThirdPersonMap.ThirdPersonMap:PersistentLevel.ExponentialHeightFog_UAID_7486E205B57FAE5602_1964047936
 |- Actor Package: /Game/__ExternalActors__/ThirdPerson/Maps/ThirdPersonMap/0/0G/RLG36XYZKYJWPZ7GK85XK3
 |- Actor Path: /Game/ThirdPerson/Maps/ThirdPersonMap.ThirdPersonMap:PersistentLevel.GameplayDebuggerPlayerManager_0
 |- Actor Package: /Game/ThirdPerson/Maps/ThirdPersonMap
 |- Actor Path: /Game/ThirdPerson/Maps/ThirdPersonMap.ThirdPersonMap:PersistentLevel.LevelSequenceActor_UAID_7486E205B57FB75602_1981804529
 |- Actor Package: /Game/__ExternalActors__/ThirdPerson/Maps/ThirdPersonMap/C/TP/Y6LMPNQ5SCGJSY5JIGQ351
 |- Actor Path: /Game/ThirdPerson/Maps/ThirdPersonMap.ThirdPersonMap:PersistentLevel.PlayerStart_0
 |- Actor Package: /Game/__ExternalActors__/ThirdPerson/Maps/ThirdPersonMap/D/DE/SWSI13675DVYIZ0N4NF7Y3
 |- Actor Path: /Game/ThirdPerson/Maps/ThirdPersonMap.ThirdPersonMap:PersistentLevel.PointLight_UAID_7486E205B57FAC5602_1274317583
 |- Actor Package: /Game/__ExternalActors__/ThirdPerson/Maps/ThirdPersonMap/1/01/G5EWPJ7YCDHC8KIIIS2MOC
 |- Actor Path: /Game/ThirdPerson/Maps/ThirdPersonMap.ThirdPersonMap:PersistentLevel.PointLight_UAID_7486E205B57FAC5602_1291997584
 |- Actor Package: /Game/__ExternalActors__/ThirdPerson/Maps/ThirdPersonMap/8/YF/HBCB7M9OKEKY94Q6QOL6TW
 |- Actor Path: /Game/ThirdPerson/Maps/ThirdPersonMap.ThirdPersonMap:PersistentLevel.PointLight_UAID_7486E205B57FAC5602_1295941585
 |- Actor Package: /Game/__ExternalActors__/ThirdPerson/Maps/ThirdPersonMap/C/0R/IUN0E7J85F4N3HW9WJXO6C
 |- Actor Path: /Game/ThirdPerson/Maps/ThirdPersonMap.ThirdPersonMap:PersistentLevel.PointLight_UAID_7486E205B57FAC5602_1538150587
 |- Actor Package: /Game/__ExternalActors__/ThirdPerson/Maps/ThirdPersonMap/8/Y5/4Z0SO1PDTLFU2KF901E2U9
 |- Actor Path: /Game/ThirdPerson/Maps/ThirdPersonMap.ThirdPersonMap:PersistentLevel.PointLight_UAID_7486E205B57FAC5602_1550211588
 |- Actor Package: /Game/__ExternalActors__/ThirdPerson/Maps/ThirdPersonMap/D/F8/URM74ZZOY0RLYB9FKHSQTQ
 |- Actor Path: /Game/ThirdPerson/Maps/ThirdPersonMap.ThirdPersonMap:PersistentLevel.PointLight_UAID_7486E205B57FAC5602_1553517589
 |- Actor Package: /Game/__ExternalActors__/ThirdPerson/Maps/ThirdPersonMap/A/RZ/W6ACRMBHA27MOEY8ECOCJT
 |- Actor Path: /Game/ThirdPerson/Maps/ThirdPersonMap.ThirdPersonMap:PersistentLevel.PointLight_UAID_7486E205B57FAC5602_1556230590
 |- Actor Package: /Game/__ExternalActors__/ThirdPerson/Maps/ThirdPersonMap/7/N0/PL73XNEX3UZ0LZ9JWZIQLW
 |- Actor Path: /Game/ThirdPerson/Maps/ThirdPersonMap.ThirdPersonMap:PersistentLevel.PointLight_UAID_7486E205B57FAF5602_2043408111
 |- Actor Package: /Game/__ExternalActors__/ThirdPerson/Maps/ThirdPersonMap/7/J7/PCPP66K5SWMJWZQ321N5KS
 |- Actor Path: /Game/ThirdPerson/Maps/ThirdPersonMap.ThirdPersonMap:PersistentLevel.PostProcessVolume_0
 |- Actor Package: /Game/__ExternalActors__/ThirdPerson/Maps/ThirdPersonMap/1/AZ/A7GPT109Y6ZTTJD4A7TXER
 |- Actor Path: /Game/ThirdPerson/Maps/ThirdPersonMap.ThirdPersonMap:PersistentLevel.SkyAtmosphere_0
 |- Actor Package: /Game/__ExternalActors__/ThirdPerson/Maps/ThirdPersonMap/4/LN/30UBDLYFFA5ZR7U4W4L4GG
 |- Actor Path: /Game/ThirdPerson/Maps/ThirdPersonMap.ThirdPersonMap:PersistentLevel.SkyLight_1
 |- Actor Package: /Game/__ExternalActors__/ThirdPerson/Maps/ThirdPersonMap/8/S1/DXUWD12MD3HRWVVXX076BY
 |- Actor Path: /Game/ThirdPerson/Maps/ThirdPersonMap.ThirdPersonMap:PersistentLevel.SpotLight_UAID_7486E205B57FE25802_1074922205
 |- Actor Package: /Game/__ExternalActors__/ThirdPerson/Maps/ThirdPersonMap/6/H6/2BBGREYLKZZ4PRRWL80XE4
 |- Actor Path: /Game/ThirdPerson/Maps/ThirdPersonMap.ThirdPersonMap:PersistentLevel.SpotLight_UAID_7486E205B57FE35802_1165141389
 |- Actor Package: /Game/__ExternalActors__/ThirdPerson/Maps/ThirdPersonMap/7/PP/DQ9FOWPLQ176FTC5XKHWD6
 |- Actor Path: /Game/ThirdPerson/Maps/ThirdPersonMap.ThirdPersonMap:PersistentLevel.StaticMeshActor_UAID_7486E205B21CE34D02_1128902759
 |- Actor Package: /Game/__ExternalActors__/ThirdPerson/Maps/ThirdPersonMap/1/HQ/KEX1MK1O4V63WLN7V92Q8O
 |- Actor Path: /Game/ThirdPerson/Maps/ThirdPersonMap.ThirdPersonMap:PersistentLevel.StaticMeshActor_UAID_7486E205B21CE34D02_1292856760
 |- Actor Package: /Game/__ExternalActors__/ThirdPerson/Maps/ThirdPersonMap/5/TC/TGOWZ9RS49VI4085YGLRHI
 |- Actor Path: /Game/ThirdPerson/Maps/ThirdPersonMap.ThirdPersonMap:PersistentLevel.StaticMeshActor_UAID_7486E205B21CE34D02_1460782761
 |- Actor Package: /Game/__ExternalActors__/ThirdPerson/Maps/ThirdPersonMap/0/VZ/LUAGDL0CY27JSX9XO2LW2R
 |- Actor Path: /Game/ThirdPerson/Maps/ThirdPersonMap.ThirdPersonMap:PersistentLevel.StaticMeshActor_UAID_7486E205B21CE44D02_1523713940
 |- Actor Package: /Game/__ExternalActors__/ThirdPerson/Maps/ThirdPersonMap/4/K1/N4SEI44DFKFSL1KUN4GC91
 |- Actor Path: /Game/ThirdPerson/Maps/ThirdPersonMap.ThirdPersonMap:PersistentLevel.StaticMeshActor_UAID_7486E205B57FAC5602_1908086591
 |- Actor Package: /Game/__ExternalActors__/ThirdPerson/Maps/ThirdPersonMap/1/25/0OJ9NI1JCUZ8GXZV154U2E
 |- Actor Path: /Game/ThirdPerson/Maps/ThirdPersonMap.ThirdPersonMap:PersistentLevel.StaticMeshActor_UAID_7486E205B57FAE5602_1613689935
 |- Actor Package: /Game/__ExternalActors__/ThirdPerson/Maps/ThirdPersonMap/2/DZ/N8IGWG8AMDBDFF29R77E0J
 |- Actor Path: /Game/ThirdPerson/Maps/ThirdPersonMap.ThirdPersonMap:PersistentLevel.StaticMeshActor_UAID_7486E205B57FB25602_1720170647
 |- Actor Package: /Game/__ExternalActors__/ThirdPerson/Maps/ThirdPersonMap/1/6Q/RJX0V8LQZSJ2E1T4E2ZHK5
 |- Actor Path: /Game/ThirdPerson/Maps/ThirdPersonMap.ThirdPersonMap:PersistentLevel.StaticMeshActor_UAID_7486E205B57FB85602_1895400707
 |- Actor Package: /Game/__ExternalActors__/ThirdPerson/Maps/ThirdPersonMap/A/3C/HLRNG0E4I2IZYQLMO4GNO9
 |- Actor Path: /Game/ThirdPerson/Maps/ThirdPersonMap.ThirdPersonMap:PersistentLevel.StaticMeshActor_UAID_7486E205B57FE55802_1832101751
 |- Actor Package: /Game/__ExternalActors__/ThirdPerson/Maps/ThirdPersonMap/9/EJ/3XXO05RW1QDF6C7P0PZUG3
 |- Actor Path: /Game/ThirdPerson/Maps/ThirdPersonMap.ThirdPersonMap:PersistentLevel.StaticMeshActor_UAID_7486E205B57FE65802_1440356928
 |- Actor Package: /Game/__ExternalActors__/ThirdPerson/Maps/ThirdPersonMap/5/T3/I25X07IT9QDFYLQ97MRQOC
 |- Actor Path: /Game/ThirdPerson/Maps/ThirdPersonMap.ThirdPersonMap:PersistentLevel.StaticMeshActor_UAID_7486E205B57FE75802_1672190109
 |- Actor Package: /Game/__ExternalActors__/ThirdPerson/Maps/ThirdPersonMap/9/DY/SIEL2L1KXHQOSPIYDZZASK
 |- Actor Path: /Game/ThirdPerson/Maps/ThirdPersonMap.ThirdPersonMap:PersistentLevel.StaticMeshActor_UAID_7486E205E744815402_1331066904
 |- Actor Package: /Game/__ExternalActors__/ThirdPerson/Maps/ThirdPersonMap/4/IV/WPEHOX03YNKP7H7USYUJPH
 |- Actor Path: /Game/ThirdPerson/Maps/ThirdPersonMap.ThirdPersonMap:PersistentLevel.StaticMeshActor_UAID_A4AE111137DC5EFB00_1110535423
 |- Actor Package: /Game/__ExternalActors__/ThirdPerson/Maps/ThirdPersonMap/4/PN/2QISIGK5DJNQ05US8O8FXW
 |- Actor Path: /Game/ThirdPerson/Maps/ThirdPersonMap.ThirdPersonMap:PersistentLevel.ThirdPersonMap_C_7
 |- Actor Package: /Game/ThirdPerson/Maps/ThirdPersonMap
 |- Actor Path: /Game/ThirdPerson/Maps/ThirdPersonMap.ThirdPersonMap:PersistentLevel.VolumetricCloud_0
 |- Actor Package: /Game/__ExternalActors__/ThirdPerson/Maps/ThirdPersonMap/3/EY/87SHEJN5UBEAN2K5OV1G6R
 |- Actor Path: /Game/ThirdPerson/Maps/ThirdPersonMap.ThirdPersonMap:PersistentLevel.WorldDataLayers
 |- Actor Package: /Game/__ExternalActors__/ThirdPerson/Maps/ThirdPersonMap/0/43/HYQWORMY4JDQ5X3OKZXFLC
 |- Actor Path: /Game/ThirdPerson/Maps/ThirdPersonMap.ThirdPersonMap:PersistentLevel.WorldInfo_0
 |- Actor Package: /Game/ThirdPerson/Maps/ThirdPersonMap
 |- Actor Path: /Game/ThirdPerson/Maps/ThirdPersonMap.ThirdPersonMap:PersistentLevel.WorldPartitionMiniMap_0
 |- Actor Package: /Game/__ExternalActors__/ThirdPerson/Maps/ThirdPersonMap/E/FR/LBG6LPN5JCL3FMVSI2CK6R

----------------------------------------------------------------------------------------------------------------
ThirdPersonMap - Runtime Spatial Hash - Streaming Grid - MainGrid
----------------------------------------------------------------------------------------------------------------
            Origin: X=0.000 Y=0.000 Z=0.000
         Cell Size: 12800
      World Bounds: IsValid=false, Min=(X=0.000 Y=0.000 Z=0.000), Max=(X=0.000 Y=0.000 Z=0.000)
     Loading Range: 25600.00
Block Slow Loading: No
 ClientOnlyVisible: No
            Origin: X=0.000 Y=0.000 Z=0.000

[+] Grid Levels: 1
 |- Level  0: Cell Count    0 | Cell Size   12800 | Actor Count    0 (0.0%)

[+] Content of Grid Level 0

